
        SystemC 3.0.1-Accellera --- Oct 15 2024 13:47:45
        Copyright (c) 1996-2024 by all Contributors,
        ALL RIGHTS RESERVED
======================================================================
TensorComp tc.st.add ISA Test
======================================================================

Instruction: tc.st.add - Broadcast Addition
Syntax: tc.st.add rs1, trs1, trs2, rs2

Modes:
  - left_len=0, top_len=0: result = 0
  - left_len=0: result = Top (vertical broadcast)
  - top_len=0: result = Left (horizontal broadcast)
  - else: result = Left + Top (outer sum)

--- Loading data into TC registers using t.ld ---
Loading Left Data (0x40000000) into tr0
[TC] t.ld             PC=0x80000370  Encoding=0x0009005B
[TC_DEBUG] t.ld: trd=0, imm10=0, rs1v=0x40000000
[TC_DEBUG]   CSR tmask_ld=0x000000FF, twidth_ld=1024
[TC_DEBUG]   base_addr = rs1v + imm10 * twidth_ld = 0x40000000 + 0 * 1024 = 0x40000000
[TC_DEBUG]   toffset_ld[0..7] = {0, 128, 256, 384, 512, 640, 768, 896}
[TC_DEBUG]   Load[0]: addr=0x40000000 -> tr0[0:127]
[TC_DEBUG]   Load[1]: addr=0x40000080 -> tr0[128:255]
[TC_DEBUG]   Load[2]: addr=0x40000100 -> tr0[256:383]
[TC_DEBUG]   Load[3]: addr=0x40000180 -> tr0[384:511]
[TC_DEBUG]   Load[4]: addr=0x40000200 -> tr0[512:639]
[TC_DEBUG]   Load[5]: addr=0x40000280 -> tr0[640:767]
[TC_DEBUG]   Load[6]: addr=0x40000300 -> tr0[768:895]
[TC_DEBUG]   Load[7]: addr=0x40000380 -> tr0[896:1023]
[TC_DEBUG]   tr0 = 
00 00 00 00 01 01 01 01 02 02 02 02 03 03 03 03 04 04 04 04 05 05 05 05 06 06 06 06 07 07 07 07 08 08 08 08 09 09 09 09 0A 0A 0A 0A 0B 0B 0B 0B 0C 0C 0C 0C 0D 0D 0D 0D 0E 0E 0E 0E 0F 0F 0F 0F 10 10 10 10 11 11 11 11 12 12 12 12 13 13 13 13 14 14 14 14 15 15 15 15 16 16 16 16 17 17 17 17 18 18 18 18 19 19 19 19 1A 1A 1A 1A 1B 1B 1B 1B 1C 1C 1C 1C 1D 1D 1D 1D 1E 1E 1E 1E 1F 1F 1F 1F 
20 20 20 20 21 21 21 21 22 22 22 22 23 23 23 23 24 24 24 24 25 25 25 25 26 26 26 26 27 27 27 27 28 28 28 28 29 29 29 29 2A 2A 2A 2A 2B 2B 2B 2B 2C 2C 2C 2C 2D 2D 2D 2D 2E 2E 2E 2E 2F 2F 2F 2F 30 30 30 30 31 31 31 31 32 32 32 32 33 33 33 33 34 34 34 34 35 35 35 35 36 36 36 36 37 37 37 37 38 38 38 38 39 39 39 39 3A 3A 3A 3A 3B 3B 3B 3B 3C 3C 3C 3C 3D 3D 3D 3D 3E 3E 3E 3E 3F 3F 3F 3F 
40 40 40 40 41 41 41 41 42 42 42 42 43 43 43 43 44 44 44 44 45 45 45 45 46 46 46 46 47 47 47 47 48 48 48 48 49 49 49 49 4A 4A 4A 4A 4B 4B 4B 4B 4C 4C 4C 4C 4D 4D 4D 4D 4E 4E 4E 4E 4F 4F 4F 4F 50 50 50 50 51 51 51 51 52 52 52 52 53 53 53 53 54 54 54 54 55 55 55 55 56 56 56 56 57 57 57 57 58 58 58 58 59 59 59 59 5A 5A 5A 5A 5B 5B 5B 5B 5C 5C 5C 5C 5D 5D 5D 5D 5E 5E 5E 5E 5F 5F 5F 5F 
60 60 60 60 61 61 61 61 62 62 62 62 63 63 63 63 64 64 64 64 65 65 65 65 66 66 66 66 67 67 67 67 68 68 68 68 69 69 69 69 6A 6A 6A 6A 6B 6B 6B 6B 6C 6C 6C 6C 6D 6D 6D 6D 6E 6E 6E 6E 6F 6F 6F 6F 70 70 70 70 71 71 71 71 72 72 72 72 73 73 73 73 74 74 74 74 75 75 75 75 76 76 76 76 77 77 77 77 78 78 78 78 79 79 79 79 7A 7A 7A 7A 7B 7B 7B 7B 7C 7C 7C 7C 7D 7D 7D 7D 7E 7E 7E 7E 7F 7F 7F 7F 
00 00 00 00 01 01 01 01 02 02 02 02 03 03 03 03 04 04 04 04 05 05 05 05 06 06 06 06 07 07 07 07 08 08 08 08 09 09 09 09 0A 0A 0A 0A 0B 0B 0B 0B 0C 0C 0C 0C 0D 0D 0D 0D 0E 0E 0E 0E 0F 0F 0F 0F 10 10 10 10 11 11 11 11 12 12 12 12 13 13 13 13 14 14 14 14 15 15 15 15 16 16 16 16 17 17 17 17 18 18 18 18 19 19 19 19 1A 1A 1A 1A 1B 1B 1B 1B 1C 1C 1C 1C 1D 1D 1D 1D 1E 1E 1E 1E 1F 1F 1F 1F 
20 20 20 20 21 21 21 21 22 22 22 22 23 23 23 23 24 24 24 24 25 25 25 25 26 26 26 26 27 27 27 27 28 28 28 28 29 29 29 29 2A 2A 2A 2A 2B 2B 2B 2B 2C 2C 2C 2C 2D 2D 2D 2D 2E 2E 2E 2E 2F 2F 2F 2F 30 30 30 30 31 31 31 31 32 32 32 32 33 33 33 33 34 34 34 34 35 35 35 35 36 36 36 36 37 37 37 37 38 38 38 38 39 39 39 39 3A 3A 3A 3A 3B 3B 3B 3B 3C 3C 3C 3C 3D 3D 3D 3D 3E 3E 3E 3E 3F 3F 3F 3F 
40 40 40 40 41 41 41 41 42 42 42 42 43 43 43 43 44 44 44 44 45 45 45 45 46 46 46 46 47 47 47 47 48 48 48 48 49 49 49 49 4A 4A 4A 4A 4B 4B 4B 4B 4C 4C 4C 4C 4D 4D 4D 4D 4E 4E 4E 4E 4F 4F 4F 4F 50 50 50 50 51 51 51 51 52 52 52 52 53 53 53 53 54 54 54 54 55 55 55 55 56 56 56 56 57 57 57 57 58 58 58 58 59 59 59 59 5A 5A 5A 5A 5B 5B 5B 5B 5C 5C 5C 5C 5D 5D 5D 5D 5E 5E 5E 5E 5F 5F 5F 5F 
60 60 60 60 61 61 61 61 62 62 62 62 63 63 63 63 64 64 64 64 65 65 65 65 66 66 66 66 67 67 67 67 68 68 68 68 69 69 69 69 6A 6A 6A 6A 6B 6B 6B 6B 6C 6C 6C 6C 6D 6D 6D 6D 6E 6E 6E 6E 6F 6F 6F 6F 70 70 70 70 71 71 71 71 72 72 72 72 73 73 73 73 74 74 74 74 75 75 75 75 76 76 76 76 77 77 77 77 78 78 78 78 79 79 79 79 7A 7A 7A 7A 7B 7B 7B 7B 7C 7C 7C 7C 7D 7D 7D 7D 7E 7E 7E 7E 7F 7F 7F 7F 
[TC_DEBUG]   Total bytes loaded: 1024
Loading Top Data (0x40000400) into tr1
[TC] t.ld             PC=0x80000388  Encoding=0x000900DB
[TC_DEBUG] t.ld: trd=1, imm10=0, rs1v=0x40000400
[TC_DEBUG]   CSR tmask_ld=0x000000FF, twidth_ld=1024
[TC_DEBUG]   base_addr = rs1v + imm10 * twidth_ld = 0x40000400 + 0 * 1024 = 0x40000400
[TC_DEBUG]   toffset_ld[0..7] = {0, 128, 256, 384, 512, 640, 768, 896}
[TC_DEBUG]   Load[0]: addr=0x40000400 -> tr1[0:127]
[TC_DEBUG]   Load[1]: addr=0x40000480 -> tr1[128:255]
[TC_DEBUG]   Load[2]: addr=0x40000500 -> tr1[256:383]
[TC_DEBUG]   Load[3]: addr=0x40000580 -> tr1[384:511]
[TC_DEBUG]   Load[4]: addr=0x40000600 -> tr1[512:639]
[TC_DEBUG]   Load[5]: addr=0x40000680 -> tr1[640:767]
[TC_DEBUG]   Load[6]: addr=0x40000700 -> tr1[768:895]
[TC_DEBUG]   Load[7]: addr=0x40000780 -> tr1[896:1023]
[TC_DEBUG]   tr1 = 
00 00 00 00 01 01 01 01 02 02 02 02 03 03 03 03 04 04 04 04 05 05 05 05 06 06 06 06 07 07 07 07 08 08 08 08 09 09 09 09 0A 0A 0A 0A 0B 0B 0B 0B 0C 0C 0C 0C 0D 0D 0D 0D 0E 0E 0E 0E 0F 0F 0F 0F 10 10 10 10 11 11 11 11 12 12 12 12 13 13 13 13 14 14 14 14 15 15 15 15 16 16 16 16 17 17 17 17 18 18 18 18 19 19 19 19 1A 1A 1A 1A 1B 1B 1B 1B 1C 1C 1C 1C 1D 1D 1D 1D 1E 1E 1E 1E 1F 1F 1F 1F 
00 00 00 00 01 01 01 01 02 02 02 02 03 03 03 03 04 04 04 04 05 05 05 05 06 06 06 06 07 07 07 07 08 08 08 08 09 09 09 09 0A 0A 0A 0A 0B 0B 0B 0B 0C 0C 0C 0C 0D 0D 0D 0D 0E 0E 0E 0E 0F 0F 0F 0F 10 10 10 10 11 11 11 11 12 12 12 12 13 13 13 13 14 14 14 14 15 15 15 15 16 16 16 16 17 17 17 17 18 18 18 18 19 19 19 19 1A 1A 1A 1A 1B 1B 1B 1B 1C 1C 1C 1C 1D 1D 1D 1D 1E 1E 1E 1E 1F 1F 1F 1F 
00 00 00 00 01 01 01 01 02 02 02 02 03 03 03 03 04 04 04 04 05 05 05 05 06 06 06 06 07 07 07 07 08 08 08 08 09 09 09 09 0A 0A 0A 0A 0B 0B 0B 0B 0C 0C 0C 0C 0D 0D 0D 0D 0E 0E 0E 0E 0F 0F 0F 0F 10 10 10 10 11 11 11 11 12 12 12 12 13 13 13 13 14 14 14 14 15 15 15 15 16 16 16 16 17 17 17 17 18 18 18 18 19 19 19 19 1A 1A 1A 1A 1B 1B 1B 1B 1C 1C 1C 1C 1D 1D 1D 1D 1E 1E 1E 1E 1F 1F 1F 1F 
00 00 00 00 01 01 01 01 02 02 02 02 03 03 03 03 04 04 04 04 05 05 05 05 06 06 06 06 07 07 07 07 08 08 08 08 09 09 09 09 0A 0A 0A 0A 0B 0B 0B 0B 0C 0C 0C 0C 0D 0D 0D 0D 0E 0E 0E 0E 0F 0F 0F 0F 10 10 10 10 11 11 11 11 12 12 12 12 13 13 13 13 14 14 14 14 15 15 15 15 16 16 16 16 17 17 17 17 18 18 18 18 19 19 19 19 1A 1A 1A 1A 1B 1B 1B 1B 1C 1C 1C 1C 1D 1D 1D 1D 1E 1E 1E 1E 1F 1F 1F 1F 
00 00 00 00 01 01 01 01 02 02 02 02 03 03 03 03 04 04 04 04 05 05 05 05 06 06 06 06 07 07 07 07 08 08 08 08 09 09 09 09 0A 0A 0A 0A 0B 0B 0B 0B 0C 0C 0C 0C 0D 0D 0D 0D 0E 0E 0E 0E 0F 0F 0F 0F 10 10 10 10 11 11 11 11 12 12 12 12 13 13 13 13 14 14 14 14 15 15 15 15 16 16 16 16 17 17 17 17 18 18 18 18 19 19 19 19 1A 1A 1A 1A 1B 1B 1B 1B 1C 1C 1C 1C 1D 1D 1D 1D 1E 1E 1E 1E 1F 1F 1F 1F 
00 00 00 00 01 01 01 01 02 02 02 02 03 03 03 03 04 04 04 04 05 05 05 05 06 06 06 06 07 07 07 07 08 08 08 08 09 09 09 09 0A 0A 0A 0A 0B 0B 0B 0B 0C 0C 0C 0C 0D 0D 0D 0D 0E 0E 0E 0E 0F 0F 0F 0F 10 10 10 10 11 11 11 11 12 12 12 12 13 13 13 13 14 14 14 14 15 15 15 15 16 16 16 16 17 17 17 17 18 18 18 18 19 19 19 19 1A 1A 1A 1A 1B 1B 1B 1B 1C 1C 1C 1C 1D 1D 1D 1D 1E 1E 1E 1E 1F 1F 1F 1F 
00 00 00 00 01 01 01 01 02 02 02 02 03 03 03 03 04 04 04 04 05 05 05 05 06 06 06 06 07 07 07 07 08 08 08 08 09 09 09 09 0A 0A 0A 0A 0B 0B 0B 0B 0C 0C 0C 0C 0D 0D 0D 0D 0E 0E 0E 0E 0F 0F 0F 0F 10 10 10 10 11 11 11 11 12 12 12 12 13 13 13 13 14 14 14 14 15 15 15 15 16 16 16 16 17 17 17 17 18 18 18 18 19 19 19 19 1A 1A 1A 1A 1B 1B 1B 1B 1C 1C 1C 1C 1D 1D 1D 1D 1E 1E 1E 1E 1F 1F 1F 1F 
00 00 00 00 01 01 01 01 02 02 02 02 03 03 03 03 04 04 04 04 05 05 05 05 06 06 06 06 07 07 07 07 08 08 08 08 09 09 09 09 0A 0A 0A 0A 0B 0B 0B 0B 0C 0C 0C 0C 0D 0D 0D 0D 0E 0E 0E 0E 0F 0F 0F 0F 10 10 10 10 11 11 11 11 12 12 12 12 13 13 13 13 14 14 14 14 15 15 15 15 16 16 16 16 17 17 17 17 18 18 18 18 19 19 19 19 1A 1A 1A 1A 1B 1B 1B 1B 1C 1C 1C 1C 1D 1D 1D 1D 1E 1E 1E 1E 1F 1F 1F 1F 
[TC_DEBUG]   Total bytes loaded: 1024
--- TC registers loaded ---


=== Test 1: tc.st.add Broadcast Addition (4x1) ===
tlength: 0x00000104 (left_len=4, top_len=1)
Computing: acc[m][n] = Left[m] + Top[n]
[TC] tc.st.add        PC=0x800003E8  Encoding=0x0A0AA4DB
[TC_DEBUG] tc.st.add: trs1=0, trs2=1, rs1v=0x00000000, rs2v=0x00000000
[TC_DEBUG]   M2=4, M1=32, N2=1, N1=32
[TC_DEBUG]   startpoint_left=0, startpoint_top=0
[TC_DEBUG]   left_data_len=4, top_data_len=1
[TC_DEBUG]   LeftData (tr0, 128 int32 elements):
[TC_DEBUG]     [0000] 00000000 01010101 02020202 03030303 04040404 05050505 06060606 07070707 08080808 09090909 0A0A0A0A 0B0B0B0B 0C0C0C0C 0D0D0D0D 0E0E0E0E 0F0F0F0F 10101010 11111111 12121212 13131313 14141414 15151515 16161616 17171717 18181818 19191919 1A1A1A1A 1B1B1B1B 1C1C1C1C 1D1D1D1D 1E1E1E1E 1F1F1F1F 
[TC_DEBUG]     [0032] 20202020 21212121 22222222 23232323 24242424 25252525 26262626 27272727 28282828 29292929 2A2A2A2A 2B2B2B2B 2C2C2C2C 2D2D2D2D 2E2E2E2E 2F2F2F2F 30303030 31313131 32323232 33333333 34343434 35353535 36363636 37373737 38383838 39393939 3A3A3A3A 3B3B3B3B 3C3C3C3C 3D3D3D3D 3E3E3E3E 3F3F3F3F 
[TC_DEBUG]     [0064] 40404040 41414141 42424242 43434343 44444444 45454545 46464646 47474747 48484848 49494949 4A4A4A4A 4B4B4B4B 4C4C4C4C 4D4D4D4D 4E4E4E4E 4F4F4F4F 50505050 51515151 52525252 53535353 54545454 55555555 56565656 57575757 58585858 59595959 5A5A5A5A 5B5B5B5B 5C5C5C5C 5D5D5D5D 5E5E5E5E 5F5F5F5F 
[TC_DEBUG]     [0096] 60606060 61616161 62626262 63636363 64646464 65656565 66666666 67676767 68686868 69696969 6A6A6A6A 6B6B6B6B 6C6C6C6C 6D6D6D6D 6E6E6E6E 6F6F6F6F 70707070 71717171 72727272 73737373 74747474 75757575 76767676 77777777 78787878 79797979 7A7A7A7A 7B7B7B7B 7C7C7C7C 7D7D7D7D 7E7E7E7E 7F7F7F7F 
[TC_DEBUG]   TopData (tr1, 32 int32 elements):
[TC_DEBUG]     [0000] 00000000 01010101 02020202 03030303 04040404 05050505 06060606 07070707 08080808 09090909 0A0A0A0A 0B0B0B0B 0C0C0C0C 0D0D0D0D 0E0E0E0E 0F0F0F0F 10101010 11111111 12121212 13131313 14141414 15151515 16161616 17171717 18181818 19191919 1A1A1A1A 1B1B1B1B 1C1C1C1C 1D1D1D1D 1E1E1E1E 1F1F1F1F 
[TC_DEBUG]   AccBuffer (base=0x00000000, 4096 elements):
[TC_DEBUG]     [0000] 00000000 01010101 02020202 03030303 04040404 05050505 06060606 07070707 08080808 09090909 0A0A0A0A 0B0B0B0B 0C0C0C0C 0D0D0D0D 0E0E0E0E 0F0F0F0F 10101010 11111111 12121212 13131313 14141414 15151515 16161616 17171717 18181818 19191919 1A1A1A1A 1B1B1B1B 1C1C1C1C 1D1D1D1D 1E1E1E1E 1F1F1F1F 
[TC_DEBUG]     [0032] 01010101 02020202 03030303 04040404 05050505 06060606 07070707 08080808 09090909 0A0A0A0A 0B0B0B0B 0C0C0C0C 0D0D0D0D 0E0E0E0E 0F0F0F0F 10101010 11111111 12121212 13131313 14141414 15151515 16161616 17171717 18181818 19191919 1A1A1A1A 1B1B1B1B 1C1C1C1C 1D1D1D1D 1E1E1E1E 1F1F1F1F 20202020 
[TC_DEBUG]     [0064] 02020202 03030303 04040404 05050505 06060606 07070707 08080808 09090909 0A0A0A0A 0B0B0B0B 0C0C0C0C 0D0D0D0D 0E0E0E0E 0F0F0F0F 10101010 11111111 12121212 13131313 14141414 15151515 16161616 17171717 18181818 19191919 1A1A1A1A 1B1B1B1B 1C1C1C1C 1D1D1D1D 1E1E1E1E 1F1F1F1F 20202020 21212121 
[TC_DEBUG]     [0096] 03030303 04040404 05050505 06060606 07070707 08080808 09090909 0A0A0A0A 0B0B0B0B 0C0C0C0C 0D0D0D0D 0E0E0E0E 0F0F0F0F 10101010 11111111 12121212 13131313 14141414 15151515 16161616 17171717 18181818 19191919 1A1A1A1A 1B1B1B1B 1C1C1C1C 1D1D1D1D 1E1E1E1E 1F1F1F1F 20202020 21212121 22222222 
[TC_DEBUG]     [0128] 04040404 05050505 06060606 07070707 08080808 09090909 0A0A0A0A 0B0B0B0B 0C0C0C0C 0D0D0D0D 0E0E0E0E 0F0F0F0F 10101010 11111111 12121212 13131313 14141414 15151515 16161616 17171717 18181818 19191919 1A1A1A1A 1B1B1B1B 1C1C1C1C 1D1D1D1D 1E1E1E1E 1F1F1F1F 20202020 21212121 22222222 23232323 
[TC_DEBUG]     [0160] 05050505 06060606 07070707 08080808 09090909 0A0A0A0A 0B0B0B0B 0C0C0C0C 0D0D0D0D 0E0E0E0E 0F0F0F0F 10101010 11111111 12121212 13131313 14141414 15151515 16161616 17171717 18181818 19191919 1A1A1A1A 1B1B1B1B 1C1C1C1C 1D1D1D1D 1E1E1E1E 1F1F1F1F 20202020 21212121 22222222 23232323 24242424 
[TC_DEBUG]     [0192] 06060606 07070707 08080808 09090909 0A0A0A0A 0B0B0B0B 0C0C0C0C 0D0D0D0D 0E0E0E0E 0F0F0F0F 10101010 11111111 12121212 13131313 14141414 15151515 16161616 17171717 18181818 19191919 1A1A1A1A 1B1B1B1B 1C1C1C1C 1D1D1D1D 1E1E1E1E 1F1F1F1F 20202020 21212121 22222222 23232323 24242424 25252525 
[TC_DEBUG]     [0224] 07070707 08080808 09090909 0A0A0A0A 0B0B0B0B 0C0C0C0C 0D0D0D0D 0E0E0E0E 0F0F0F0F 10101010 11111111 12121212 13131313 14141414 15151515 16161616 17171717 18181818 19191919 1A1A1A1A 1B1B1B1B 1C1C1C1C 1D1D1D1D 1E1E1E1E 1F1F1F1F 20202020 21212121 22222222 23232323 24242424 25252525 26262626 
[TC_DEBUG]     [0256] 08080808 09090909 0A0A0A0A 0B0B0B0B 0C0C0C0C 0D0D0D0D 0E0E0E0E 0F0F0F0F 10101010 11111111 12121212 13131313 14141414 15151515 16161616 17171717 18181818 19191919 1A1A1A1A 1B1B1B1B 1C1C1C1C 1D1D1D1D 1E1E1E1E 1F1F1F1F 20202020 21212121 22222222 23232323 24242424 25252525 26262626 27272727 
[TC_DEBUG]     [0288] 09090909 0A0A0A0A 0B0B0B0B 0C0C0C0C 0D0D0D0D 0E0E0E0E 0F0F0F0F 10101010 11111111 12121212 13131313 14141414 15151515 16161616 17171717 18181818 19191919 1A1A1A1A 1B1B1B1B 1C1C1C1C 1D1D1D1D 1E1E1E1E 1F1F1F1F 20202020 21212121 22222222 23232323 24242424 25252525 26262626 27272727 28282828 
[TC_DEBUG]     [0320] 0A0A0A0A 0B0B0B0B 0C0C0C0C 0D0D0D0D 0E0E0E0E 0F0F0F0F 10101010 11111111 12121212 13131313 14141414 15151515 16161616 17171717 18181818 19191919 1A1A1A1A 1B1B1B1B 1C1C1C1C 1D1D1D1D 1E1E1E1E 1F1F1F1F 20202020 21212121 22222222 23232323 24242424 25252525 26262626 27272727 28282828 29292929 
[TC_DEBUG]     [0352] 0B0B0B0B 0C0C0C0C 0D0D0D0D 0E0E0E0E 0F0F0F0F 10101010 11111111 12121212 13131313 14141414 15151515 16161616 17171717 18181818 19191919 1A1A1A1A 1B1B1B1B 1C1C1C1C 1D1D1D1D 1E1E1E1E 1F1F1F1F 20202020 21212121 22222222 23232323 24242424 25252525 26262626 27272727 28282828 29292929 2A2A2A2A 
[TC_DEBUG]     [0384] 0C0C0C0C 0D0D0D0D 0E0E0E0E 0F0F0F0F 10101010 11111111 12121212 13131313 14141414 15151515 16161616 17171717 18181818 19191919 1A1A1A1A 1B1B1B1B 1C1C1C1C 1D1D1D1D 1E1E1E1E 1F1F1F1F 20202020 21212121 22222222 23232323 24242424 25252525 26262626 27272727 28282828 29292929 2A2A2A2A 2B2B2B2B 
[TC_DEBUG]     [0416] 0D0D0D0D 0E0E0E0E 0F0F0F0F 10101010 11111111 12121212 13131313 14141414 15151515 16161616 17171717 18181818 19191919 1A1A1A1A 1B1B1B1B 1C1C1C1C 1D1D1D1D 1E1E1E1E 1F1F1F1F 20202020 21212121 22222222 23232323 24242424 25252525 26262626 27272727 28282828 29292929 2A2A2A2A 2B2B2B2B 2C2C2C2C 
[TC_DEBUG]     [0448] 0E0E0E0E 0F0F0F0F 10101010 11111111 12121212 13131313 14141414 15151515 16161616 17171717 18181818 19191919 1A1A1A1A 1B1B1B1B 1C1C1C1C 1D1D1D1D 1E1E1E1E 1F1F1F1F 20202020 21212121 22222222 23232323 24242424 25252525 26262626 27272727 28282828 29292929 2A2A2A2A 2B2B2B2B 2C2C2C2C 2D2D2D2D 
[TC_DEBUG]     [0480] 0F0F0F0F 10101010 11111111 12121212 13131313 14141414 15151515 16161616 17171717 18181818 19191919 1A1A1A1A 1B1B1B1B 1C1C1C1C 1D1D1D1D 1E1E1E1E 1F1F1F1F 20202020 21212121 22222222 23232323 24242424 25252525 26262626 27272727 28282828 29292929 2A2A2A2A 2B2B2B2B 2C2C2C2C 2D2D2D2D 2E2E2E2E 
[TC_DEBUG]     [0512] 10101010 11111111 12121212 13131313 14141414 15151515 16161616 17171717 18181818 19191919 1A1A1A1A 1B1B1B1B 1C1C1C1C 1D1D1D1D 1E1E1E1E 1F1F1F1F 20202020 21212121 22222222 23232323 24242424 25252525 26262626 27272727 28282828 29292929 2A2A2A2A 2B2B2B2B 2C2C2C2C 2D2D2D2D 2E2E2E2E 2F2F2F2F 
[TC_DEBUG]     [0544] 11111111 12121212 13131313 14141414 15151515 16161616 17171717 18181818 19191919 1A1A1A1A 1B1B1B1B 1C1C1C1C 1D1D1D1D 1E1E1E1E 1F1F1F1F 20202020 21212121 22222222 23232323 24242424 25252525 26262626 27272727 28282828 29292929 2A2A2A2A 2B2B2B2B 2C2C2C2C 2D2D2D2D 2E2E2E2E 2F2F2F2F 30303030 
[TC_DEBUG]     [0576] 12121212 13131313 14141414 15151515 16161616 17171717 18181818 19191919 1A1A1A1A 1B1B1B1B 1C1C1C1C 1D1D1D1D 1E1E1E1E 1F1F1F1F 20202020 21212121 22222222 23232323 24242424 25252525 26262626 27272727 28282828 29292929 2A2A2A2A 2B2B2B2B 2C2C2C2C 2D2D2D2D 2E2E2E2E 2F2F2F2F 30303030 31313131 
[TC_DEBUG]     [0608] 13131313 14141414 15151515 16161616 17171717 18181818 19191919 1A1A1A1A 1B1B1B1B 1C1C1C1C 1D1D1D1D 1E1E1E1E 1F1F1F1F 20202020 21212121 22222222 23232323 24242424 25252525 26262626 27272727 28282828 29292929 2A2A2A2A 2B2B2B2B 2C2C2C2C 2D2D2D2D 2E2E2E2E 2F2F2F2F 30303030 31313131 32323232 
[TC_DEBUG]     [0640] 14141414 15151515 16161616 17171717 18181818 19191919 1A1A1A1A 1B1B1B1B 1C1C1C1C 1D1D1D1D 1E1E1E1E 1F1F1F1F 20202020 21212121 22222222 23232323 24242424 25252525 26262626 27272727 28282828 29292929 2A2A2A2A 2B2B2B2B 2C2C2C2C 2D2D2D2D 2E2E2E2E 2F2F2F2F 30303030 31313131 32323232 33333333 
[TC_DEBUG]     [0672] 15151515 16161616 17171717 18181818 19191919 1A1A1A1A 1B1B1B1B 1C1C1C1C 1D1D1D1D 1E1E1E1E 1F1F1F1F 20202020 21212121 22222222 23232323 24242424 25252525 26262626 27272727 28282828 29292929 2A2A2A2A 2B2B2B2B 2C2C2C2C 2D2D2D2D 2E2E2E2E 2F2F2F2F 30303030 31313131 32323232 33333333 34343434 
[TC_DEBUG]     [0704] 16161616 17171717 18181818 19191919 1A1A1A1A 1B1B1B1B 1C1C1C1C 1D1D1D1D 1E1E1E1E 1F1F1F1F 20202020 21212121 22222222 23232323 24242424 25252525 26262626 27272727 28282828 29292929 2A2A2A2A 2B2B2B2B 2C2C2C2C 2D2D2D2D 2E2E2E2E 2F2F2F2F 30303030 31313131 32323232 33333333 34343434 35353535 
[TC_DEBUG]     [0736] 17171717 18181818 19191919 1A1A1A1A 1B1B1B1B 1C1C1C1C 1D1D1D1D 1E1E1E1E 1F1F1F1F 20202020 21212121 22222222 23232323 24242424 25252525 26262626 27272727 28282828 29292929 2A2A2A2A 2B2B2B2B 2C2C2C2C 2D2D2D2D 2E2E2E2E 2F2F2F2F 30303030 31313131 32323232 33333333 34343434 35353535 36363636 
[TC_DEBUG]     [0768] 18181818 19191919 1A1A1A1A 1B1B1B1B 1C1C1C1C 1D1D1D1D 1E1E1E1E 1F1F1F1F 20202020 21212121 22222222 23232323 24242424 25252525 26262626 27272727 28282828 29292929 2A2A2A2A 2B2B2B2B 2C2C2C2C 2D2D2D2D 2E2E2E2E 2F2F2F2F 30303030 31313131 32323232 33333333 34343434 35353535 36363636 37373737 
[TC_DEBUG]     [0800] 19191919 1A1A1A1A 1B1B1B1B 1C1C1C1C 1D1D1D1D 1E1E1E1E 1F1F1F1F 20202020 21212121 22222222 23232323 24242424 25252525 26262626 27272727 28282828 29292929 2A2A2A2A 2B2B2B2B 2C2C2C2C 2D2D2D2D 2E2E2E2E 2F2F2F2F 30303030 31313131 32323232 33333333 34343434 35353535 36363636 37373737 38383838 
[TC_DEBUG]     [0832] 1A1A1A1A 1B1B1B1B 1C1C1C1C 1D1D1D1D 1E1E1E1E 1F1F1F1F 20202020 21212121 22222222 23232323 24242424 25252525 26262626 27272727 28282828 29292929 2A2A2A2A 2B2B2B2B 2C2C2C2C 2D2D2D2D 2E2E2E2E 2F2F2F2F 30303030 31313131 32323232 33333333 34343434 35353535 36363636 37373737 38383838 39393939 
[TC_DEBUG]     [0864] 1B1B1B1B 1C1C1C1C 1D1D1D1D 1E1E1E1E 1F1F1F1F 20202020 21212121 22222222 23232323 24242424 25252525 26262626 27272727 28282828 29292929 2A2A2A2A 2B2B2B2B 2C2C2C2C 2D2D2D2D 2E2E2E2E 2F2F2F2F 30303030 31313131 32323232 33333333 34343434 35353535 36363636 37373737 38383838 39393939 3A3A3A3A 
[TC_DEBUG]     [0896] 1C1C1C1C 1D1D1D1D 1E1E1E1E 1F1F1F1F 20202020 21212121 22222222 23232323 24242424 25252525 26262626 27272727 28282828 29292929 2A2A2A2A 2B2B2B2B 2C2C2C2C 2D2D2D2D 2E2E2E2E 2F2F2F2F 30303030 31313131 32323232 33333333 34343434 35353535 36363636 37373737 38383838 39393939 3A3A3A3A 3B3B3B3B 
[TC_DEBUG]     [0928] 1D1D1D1D 1E1E1E1E 1F1F1F1F 20202020 21212121 22222222 23232323 24242424 25252525 26262626 27272727 28282828 29292929 2A2A2A2A 2B2B2B2B 2C2C2C2C 2D2D2D2D 2E2E2E2E 2F2F2F2F 30303030 31313131 32323232 33333333 34343434 35353535 36363636 37373737 38383838 39393939 3A3A3A3A 3B3B3B3B 3C3C3C3C 
[TC_DEBUG]     [0960] 1E1E1E1E 1F1F1F1F 20202020 21212121 22222222 23232323 24242424 25252525 26262626 27272727 28282828 29292929 2A2A2A2A 2B2B2B2B 2C2C2C2C 2D2D2D2D 2E2E2E2E 2F2F2F2F 30303030 31313131 32323232 33333333 34343434 35353535 36363636 37373737 38383838 39393939 3A3A3A3A 3B3B3B3B 3C3C3C3C 3D3D3D3D 
[TC_DEBUG]     [0992] 1F1F1F1F 20202020 21212121 22222222 23232323 24242424 25252525 26262626 27272727 28282828 29292929 2A2A2A2A 2B2B2B2B 2C2C2C2C 2D2D2D2D 2E2E2E2E 2F2F2F2F 30303030 31313131 32323232 33333333 34343434 35353535 36363636 37373737 38383838 39393939 3A3A3A3A 3B3B3B3B 3C3C3C3C 3D3D3D3D 3E3E3E3E 
[TC_DEBUG]     [1024] 20202020 21212121 22222222 23232323 24242424 25252525 26262626 27272727 28282828 29292929 2A2A2A2A 2B2B2B2B 2C2C2C2C 2D2D2D2D 2E2E2E2E 2F2F2F2F 30303030 31313131 32323232 33333333 34343434 35353535 36363636 37373737 38383838 39393939 3A3A3A3A 3B3B3B3B 3C3C3C3C 3D3D3D3D 3E3E3E3E 3F3F3F3F 
[TC_DEBUG]     [1056] 21212121 22222222 23232323 24242424 25252525 26262626 27272727 28282828 29292929 2A2A2A2A 2B2B2B2B 2C2C2C2C 2D2D2D2D 2E2E2E2E 2F2F2F2F 30303030 31313131 32323232 33333333 34343434 35353535 36363636 37373737 38383838 39393939 3A3A3A3A 3B3B3B3B 3C3C3C3C 3D3D3D3D 3E3E3E3E 3F3F3F3F 40404040 
[TC_DEBUG]     [1088] 22222222 23232323 24242424 25252525 26262626 27272727 28282828 29292929 2A2A2A2A 2B2B2B2B 2C2C2C2C 2D2D2D2D 2E2E2E2E 2F2F2F2F 30303030 31313131 32323232 33333333 34343434 35353535 36363636 37373737 38383838 39393939 3A3A3A3A 3B3B3B3B 3C3C3C3C 3D3D3D3D 3E3E3E3E 3F3F3F3F 40404040 41414141 
[TC_DEBUG]     [1120] 23232323 24242424 25252525 26262626 27272727 28282828 29292929 2A2A2A2A 2B2B2B2B 2C2C2C2C 2D2D2D2D 2E2E2E2E 2F2F2F2F 30303030 31313131 32323232 33333333 34343434 35353535 36363636 37373737 38383838 39393939 3A3A3A3A 3B3B3B3B 3C3C3C3C 3D3D3D3D 3E3E3E3E 3F3F3F3F 40404040 41414141 42424242 
[TC_DEBUG]     [1152] 24242424 25252525 26262626 27272727 28282828 29292929 2A2A2A2A 2B2B2B2B 2C2C2C2C 2D2D2D2D 2E2E2E2E 2F2F2F2F 30303030 31313131 32323232 33333333 34343434 35353535 36363636 37373737 38383838 39393939 3A3A3A3A 3B3B3B3B 3C3C3C3C 3D3D3D3D 3E3E3E3E 3F3F3F3F 40404040 41414141 42424242 43434343 
[TC_DEBUG]     [1184] 25252525 26262626 27272727 28282828 29292929 2A2A2A2A 2B2B2B2B 2C2C2C2C 2D2D2D2D 2E2E2E2E 2F2F2F2F 30303030 31313131 32323232 33333333 34343434 35353535 36363636 37373737 38383838 39393939 3A3A3A3A 3B3B3B3B 3C3C3C3C 3D3D3D3D 3E3E3E3E 3F3F3F3F 40404040 41414141 42424242 43434343 44444444 
[TC_DEBUG]     [1216] 26262626 27272727 28282828 29292929 2A2A2A2A 2B2B2B2B 2C2C2C2C 2D2D2D2D 2E2E2E2E 2F2F2F2F 30303030 31313131 32323232 33333333 34343434 35353535 36363636 37373737 38383838 39393939 3A3A3A3A 3B3B3B3B 3C3C3C3C 3D3D3D3D 3E3E3E3E 3F3F3F3F 40404040 41414141 42424242 43434343 44444444 45454545 
[TC_DEBUG]     [1248] 27272727 28282828 29292929 2A2A2A2A 2B2B2B2B 2C2C2C2C 2D2D2D2D 2E2E2E2E 2F2F2F2F 30303030 31313131 32323232 33333333 34343434 35353535 36363636 37373737 38383838 39393939 3A3A3A3A 3B3B3B3B 3C3C3C3C 3D3D3D3D 3E3E3E3E 3F3F3F3F 40404040 41414141 42424242 43434343 44444444 45454545 46464646 
[TC_DEBUG]     [1280] 28282828 29292929 2A2A2A2A 2B2B2B2B 2C2C2C2C 2D2D2D2D 2E2E2E2E 2F2F2F2F 30303030 31313131 32323232 33333333 34343434 35353535 36363636 37373737 38383838 39393939 3A3A3A3A 3B3B3B3B 3C3C3C3C 3D3D3D3D 3E3E3E3E 3F3F3F3F 40404040 41414141 42424242 43434343 44444444 45454545 46464646 47474747 
[TC_DEBUG]     [1312] 29292929 2A2A2A2A 2B2B2B2B 2C2C2C2C 2D2D2D2D 2E2E2E2E 2F2F2F2F 30303030 31313131 32323232 33333333 34343434 35353535 36363636 37373737 38383838 39393939 3A3A3A3A 3B3B3B3B 3C3C3C3C 3D3D3D3D 3E3E3E3E 3F3F3F3F 40404040 41414141 42424242 43434343 44444444 45454545 46464646 47474747 48484848 
[TC_DEBUG]     [1344] 2A2A2A2A 2B2B2B2B 2C2C2C2C 2D2D2D2D 2E2E2E2E 2F2F2F2F 30303030 31313131 32323232 33333333 34343434 35353535 36363636 37373737 38383838 39393939 3A3A3A3A 3B3B3B3B 3C3C3C3C 3D3D3D3D 3E3E3E3E 3F3F3F3F 40404040 41414141 42424242 43434343 44444444 45454545 46464646 47474747 48484848 49494949 
[TC_DEBUG]     [1376] 2B2B2B2B 2C2C2C2C 2D2D2D2D 2E2E2E2E 2F2F2F2F 30303030 31313131 32323232 33333333 34343434 35353535 36363636 37373737 38383838 39393939 3A3A3A3A 3B3B3B3B 3C3C3C3C 3D3D3D3D 3E3E3E3E 3F3F3F3F 40404040 41414141 42424242 43434343 44444444 45454545 46464646 47474747 48484848 49494949 4A4A4A4A 
[TC_DEBUG]     [1408] 2C2C2C2C 2D2D2D2D 2E2E2E2E 2F2F2F2F 30303030 31313131 32323232 33333333 34343434 35353535 36363636 37373737 38383838 39393939 3A3A3A3A 3B3B3B3B 3C3C3C3C 3D3D3D3D 3E3E3E3E 3F3F3F3F 40404040 41414141 42424242 43434343 44444444 45454545 46464646 47474747 48484848 49494949 4A4A4A4A 4B4B4B4B 
[TC_DEBUG]     [1440] 2D2D2D2D 2E2E2E2E 2F2F2F2F 30303030 31313131 32323232 33333333 34343434 35353535 36363636 37373737 38383838 39393939 3A3A3A3A 3B3B3B3B 3C3C3C3C 3D3D3D3D 3E3E3E3E 3F3F3F3F 40404040 41414141 42424242 43434343 44444444 45454545 46464646 47474747 48484848 49494949 4A4A4A4A 4B4B4B4B 4C4C4C4C 
[TC_DEBUG]     [1472] 2E2E2E2E 2F2F2F2F 30303030 31313131 32323232 33333333 34343434 35353535 36363636 37373737 38383838 39393939 3A3A3A3A 3B3B3B3B 3C3C3C3C 3D3D3D3D 3E3E3E3E 3F3F3F3F 40404040 41414141 42424242 43434343 44444444 45454545 46464646 47474747 48484848 49494949 4A4A4A4A 4B4B4B4B 4C4C4C4C 4D4D4D4D 
[TC_DEBUG]     [1504] 2F2F2F2F 30303030 31313131 32323232 33333333 34343434 35353535 36363636 37373737 38383838 39393939 3A3A3A3A 3B3B3B3B 3C3C3C3C 3D3D3D3D 3E3E3E3E 3F3F3F3F 40404040 41414141 42424242 43434343 44444444 45454545 46464646 47474747 48484848 49494949 4A4A4A4A 4B4B4B4B 4C4C4C4C 4D4D4D4D 4E4E4E4E 
[TC_DEBUG]     [1536] 30303030 31313131 32323232 33333333 34343434 35353535 36363636 37373737 38383838 39393939 3A3A3A3A 3B3B3B3B 3C3C3C3C 3D3D3D3D 3E3E3E3E 3F3F3F3F 40404040 41414141 42424242 43434343 44444444 45454545 46464646 47474747 48484848 49494949 4A4A4A4A 4B4B4B4B 4C4C4C4C 4D4D4D4D 4E4E4E4E 4F4F4F4F 
[TC_DEBUG]     [1568] 31313131 32323232 33333333 34343434 35353535 36363636 37373737 38383838 39393939 3A3A3A3A 3B3B3B3B 3C3C3C3C 3D3D3D3D 3E3E3E3E 3F3F3F3F 40404040 41414141 42424242 43434343 44444444 45454545 46464646 47474747 48484848 49494949 4A4A4A4A 4B4B4B4B 4C4C4C4C 4D4D4D4D 4E4E4E4E 4F4F4F4F 50505050 
[TC_DEBUG]     [1600] 32323232 33333333 34343434 35353535 36363636 37373737 38383838 39393939 3A3A3A3A 3B3B3B3B 3C3C3C3C 3D3D3D3D 3E3E3E3E 3F3F3F3F 40404040 41414141 42424242 43434343 44444444 45454545 46464646 47474747 48484848 49494949 4A4A4A4A 4B4B4B4B 4C4C4C4C 4D4D4D4D 4E4E4E4E 4F4F4F4F 50505050 51515151 
[TC_DEBUG]     [1632] 33333333 34343434 35353535 36363636 37373737 38383838 39393939 3A3A3A3A 3B3B3B3B 3C3C3C3C 3D3D3D3D 3E3E3E3E 3F3F3F3F 40404040 41414141 42424242 43434343 44444444 45454545 46464646 47474747 48484848 49494949 4A4A4A4A 4B4B4B4B 4C4C4C4C 4D4D4D4D 4E4E4E4E 4F4F4F4F 50505050 51515151 52525252 
[TC_DEBUG]     [1664] 34343434 35353535 36363636 37373737 38383838 39393939 3A3A3A3A 3B3B3B3B 3C3C3C3C 3D3D3D3D 3E3E3E3E 3F3F3F3F 40404040 41414141 42424242 43434343 44444444 45454545 46464646 47474747 48484848 49494949 4A4A4A4A 4B4B4B4B 4C4C4C4C 4D4D4D4D 4E4E4E4E 4F4F4F4F 50505050 51515151 52525252 53535353 
[TC_DEBUG]     [1696] 35353535 36363636 37373737 38383838 39393939 3A3A3A3A 3B3B3B3B 3C3C3C3C 3D3D3D3D 3E3E3E3E 3F3F3F3F 40404040 41414141 42424242 43434343 44444444 45454545 46464646 47474747 48484848 49494949 4A4A4A4A 4B4B4B4B 4C4C4C4C 4D4D4D4D 4E4E4E4E 4F4F4F4F 50505050 51515151 52525252 53535353 54545454 
[TC_DEBUG]     [1728] 36363636 37373737 38383838 39393939 3A3A3A3A 3B3B3B3B 3C3C3C3C 3D3D3D3D 3E3E3E3E 3F3F3F3F 40404040 41414141 42424242 43434343 44444444 45454545 46464646 47474747 48484848 49494949 4A4A4A4A 4B4B4B4B 4C4C4C4C 4D4D4D4D 4E4E4E4E 4F4F4F4F 50505050 51515151 52525252 53535353 54545454 55555555 
[TC_DEBUG]     [1760] 37373737 38383838 39393939 3A3A3A3A 3B3B3B3B 3C3C3C3C 3D3D3D3D 3E3E3E3E 3F3F3F3F 40404040 41414141 42424242 43434343 44444444 45454545 46464646 47474747 48484848 49494949 4A4A4A4A 4B4B4B4B 4C4C4C4C 4D4D4D4D 4E4E4E4E 4F4F4F4F 50505050 51515151 52525252 53535353 54545454 55555555 56565656 
[TC_DEBUG]     [1792] 38383838 39393939 3A3A3A3A 3B3B3B3B 3C3C3C3C 3D3D3D3D 3E3E3E3E 3F3F3F3F 40404040 41414141 42424242 43434343 44444444 45454545 46464646 47474747 48484848 49494949 4A4A4A4A 4B4B4B4B 4C4C4C4C 4D4D4D4D 4E4E4E4E 4F4F4F4F 50505050 51515151 52525252 53535353 54545454 55555555 56565656 57575757 
[TC_DEBUG]     [1824] 39393939 3A3A3A3A 3B3B3B3B 3C3C3C3C 3D3D3D3D 3E3E3E3E 3F3F3F3F 40404040 41414141 42424242 43434343 44444444 45454545 46464646 47474747 48484848 49494949 4A4A4A4A 4B4B4B4B 4C4C4C4C 4D4D4D4D 4E4E4E4E 4F4F4F4F 50505050 51515151 52525252 53535353 54545454 55555555 56565656 57575757 58585858 
[TC_DEBUG]     [1856] 3A3A3A3A 3B3B3B3B 3C3C3C3C 3D3D3D3D 3E3E3E3E 3F3F3F3F 40404040 41414141 42424242 43434343 44444444 45454545 46464646 47474747 48484848 49494949 4A4A4A4A 4B4B4B4B 4C4C4C4C 4D4D4D4D 4E4E4E4E 4F4F4F4F 50505050 51515151 52525252 53535353 54545454 55555555 56565656 57575757 58585858 59595959 
[TC_DEBUG]     [1888] 3B3B3B3B 3C3C3C3C 3D3D3D3D 3E3E3E3E 3F3F3F3F 40404040 41414141 42424242 43434343 44444444 45454545 46464646 47474747 48484848 49494949 4A4A4A4A 4B4B4B4B 4C4C4C4C 4D4D4D4D 4E4E4E4E 4F4F4F4F 50505050 51515151 52525252 53535353 54545454 55555555 56565656 57575757 58585858 59595959 5A5A5A5A 
[TC_DEBUG]     [1920] 3C3C3C3C 3D3D3D3D 3E3E3E3E 3F3F3F3F 40404040 41414141 42424242 43434343 44444444 45454545 46464646 47474747 48484848 49494949 4A4A4A4A 4B4B4B4B 4C4C4C4C 4D4D4D4D 4E4E4E4E 4F4F4F4F 50505050 51515151 52525252 53535353 54545454 55555555 56565656 57575757 58585858 59595959 5A5A5A5A 5B5B5B5B 
[TC_DEBUG]     [1952] 3D3D3D3D 3E3E3E3E 3F3F3F3F 40404040 41414141 42424242 43434343 44444444 45454545 46464646 47474747 48484848 49494949 4A4A4A4A 4B4B4B4B 4C4C4C4C 4D4D4D4D 4E4E4E4E 4F4F4F4F 50505050 51515151 52525252 53535353 54545454 55555555 56565656 57575757 58585858 59595959 5A5A5A5A 5B5B5B5B 5C5C5C5C 
[TC_DEBUG]     [1984] 3E3E3E3E 3F3F3F3F 40404040 41414141 42424242 43434343 44444444 45454545 46464646 47474747 48484848 49494949 4A4A4A4A 4B4B4B4B 4C4C4C4C 4D4D4D4D 4E4E4E4E 4F4F4F4F 50505050 51515151 52525252 53535353 54545454 55555555 56565656 57575757 58585858 59595959 5A5A5A5A 5B5B5B5B 5C5C5C5C 5D5D5D5D 
[TC_DEBUG]     [2016] 3F3F3F3F 40404040 41414141 42424242 43434343 44444444 45454545 46464646 47474747 48484848 49494949 4A4A4A4A 4B4B4B4B 4C4C4C4C 4D4D4D4D 4E4E4E4E 4F4F4F4F 50505050 51515151 52525252 53535353 54545454 55555555 56565656 57575757 58585858 59595959 5A5A5A5A 5B5B5B5B 5C5C5C5C 5D5D5D5D 5E5E5E5E 
[TC_DEBUG]     [2048] 40404040 41414141 42424242 43434343 44444444 45454545 46464646 47474747 48484848 49494949 4A4A4A4A 4B4B4B4B 4C4C4C4C 4D4D4D4D 4E4E4E4E 4F4F4F4F 50505050 51515151 52525252 53535353 54545454 55555555 56565656 57575757 58585858 59595959 5A5A5A5A 5B5B5B5B 5C5C5C5C 5D5D5D5D 5E5E5E5E 5F5F5F5F 
[TC_DEBUG]     [2080] 41414141 42424242 43434343 44444444 45454545 46464646 47474747 48484848 49494949 4A4A4A4A 4B4B4B4B 4C4C4C4C 4D4D4D4D 4E4E4E4E 4F4F4F4F 50505050 51515151 52525252 53535353 54545454 55555555 56565656 57575757 58585858 59595959 5A5A5A5A 5B5B5B5B 5C5C5C5C 5D5D5D5D 5E5E5E5E 5F5F5F5F 60606060 
[TC_DEBUG]     [2112] 42424242 43434343 44444444 45454545 46464646 47474747 48484848 49494949 4A4A4A4A 4B4B4B4B 4C4C4C4C 4D4D4D4D 4E4E4E4E 4F4F4F4F 50505050 51515151 52525252 53535353 54545454 55555555 56565656 57575757 58585858 59595959 5A5A5A5A 5B5B5B5B 5C5C5C5C 5D5D5D5D 5E5E5E5E 5F5F5F5F 60606060 61616161 
[TC_DEBUG]     [2144] 43434343 44444444 45454545 46464646 47474747 48484848 49494949 4A4A4A4A 4B4B4B4B 4C4C4C4C 4D4D4D4D 4E4E4E4E 4F4F4F4F 50505050 51515151 52525252 53535353 54545454 55555555 56565656 57575757 58585858 59595959 5A5A5A5A 5B5B5B5B 5C5C5C5C 5D5D5D5D 5E5E5E5E 5F5F5F5F 60606060 61616161 62626262 
[TC_DEBUG]     [2176] 44444444 45454545 46464646 47474747 48484848 49494949 4A4A4A4A 4B4B4B4B 4C4C4C4C 4D4D4D4D 4E4E4E4E 4F4F4F4F 50505050 51515151 52525252 53535353 54545454 55555555 56565656 57575757 58585858 59595959 5A5A5A5A 5B5B5B5B 5C5C5C5C 5D5D5D5D 5E5E5E5E 5F5F5F5F 60606060 61616161 62626262 63636363 
[TC_DEBUG]     [2208] 45454545 46464646 47474747 48484848 49494949 4A4A4A4A 4B4B4B4B 4C4C4C4C 4D4D4D4D 4E4E4E4E 4F4F4F4F 50505050 51515151 52525252 53535353 54545454 55555555 56565656 57575757 58585858 59595959 5A5A5A5A 5B5B5B5B 5C5C5C5C 5D5D5D5D 5E5E5E5E 5F5F5F5F 60606060 61616161 62626262 63636363 64646464 
[TC_DEBUG]     [2240] 46464646 47474747 48484848 49494949 4A4A4A4A 4B4B4B4B 4C4C4C4C 4D4D4D4D 4E4E4E4E 4F4F4F4F 50505050 51515151 52525252 53535353 54545454 55555555 56565656 57575757 58585858 59595959 5A5A5A5A 5B5B5B5B 5C5C5C5C 5D5D5D5D 5E5E5E5E 5F5F5F5F 60606060 61616161 62626262 63636363 64646464 65656565 
[TC_DEBUG]     [2272] 47474747 48484848 49494949 4A4A4A4A 4B4B4B4B 4C4C4C4C 4D4D4D4D 4E4E4E4E 4F4F4F4F 50505050 51515151 52525252 53535353 54545454 55555555 56565656 57575757 58585858 59595959 5A5A5A5A 5B5B5B5B 5C5C5C5C 5D5D5D5D 5E5E5E5E 5F5F5F5F 60606060 61616161 62626262 63636363 64646464 65656565 66666666 
[TC_DEBUG]     [2304] 48484848 49494949 4A4A4A4A 4B4B4B4B 4C4C4C4C 4D4D4D4D 4E4E4E4E 4F4F4F4F 50505050 51515151 52525252 53535353 54545454 55555555 56565656 57575757 58585858 59595959 5A5A5A5A 5B5B5B5B 5C5C5C5C 5D5D5D5D 5E5E5E5E 5F5F5F5F 60606060 61616161 62626262 63636363 64646464 65656565 66666666 67676767 
[TC_DEBUG]     [2336] 49494949 4A4A4A4A 4B4B4B4B 4C4C4C4C 4D4D4D4D 4E4E4E4E 4F4F4F4F 50505050 51515151 52525252 53535353 54545454 55555555 56565656 57575757 58585858 59595959 5A5A5A5A 5B5B5B5B 5C5C5C5C 5D5D5D5D 5E5E5E5E 5F5F5F5F 60606060 61616161 62626262 63636363 64646464 65656565 66666666 67676767 68686868 
[TC_DEBUG]     [2368] 4A4A4A4A 4B4B4B4B 4C4C4C4C 4D4D4D4D 4E4E4E4E 4F4F4F4F 50505050 51515151 52525252 53535353 54545454 55555555 56565656 57575757 58585858 59595959 5A5A5A5A 5B5B5B5B 5C5C5C5C 5D5D5D5D 5E5E5E5E 5F5F5F5F 60606060 61616161 62626262 63636363 64646464 65656565 66666666 67676767 68686868 69696969 
[TC_DEBUG]     [2400] 4B4B4B4B 4C4C4C4C 4D4D4D4D 4E4E4E4E 4F4F4F4F 50505050 51515151 52525252 53535353 54545454 55555555 56565656 57575757 58585858 59595959 5A5A5A5A 5B5B5B5B 5C5C5C5C 5D5D5D5D 5E5E5E5E 5F5F5F5F 60606060 61616161 62626262 63636363 64646464 65656565 66666666 67676767 68686868 69696969 6A6A6A6A 
[TC_DEBUG]     [2432] 4C4C4C4C 4D4D4D4D 4E4E4E4E 4F4F4F4F 50505050 51515151 52525252 53535353 54545454 55555555 56565656 57575757 58585858 59595959 5A5A5A5A 5B5B5B5B 5C5C5C5C 5D5D5D5D 5E5E5E5E 5F5F5F5F 60606060 61616161 62626262 63636363 64646464 65656565 66666666 67676767 68686868 69696969 6A6A6A6A 6B6B6B6B 
[TC_DEBUG]     [2464] 4D4D4D4D 4E4E4E4E 4F4F4F4F 50505050 51515151 52525252 53535353 54545454 55555555 56565656 57575757 58585858 59595959 5A5A5A5A 5B5B5B5B 5C5C5C5C 5D5D5D5D 5E5E5E5E 5F5F5F5F 60606060 61616161 62626262 63636363 64646464 65656565 66666666 67676767 68686868 69696969 6A6A6A6A 6B6B6B6B 6C6C6C6C 
[TC_DEBUG]     [2496] 4E4E4E4E 4F4F4F4F 50505050 51515151 52525252 53535353 54545454 55555555 56565656 57575757 58585858 59595959 5A5A5A5A 5B5B5B5B 5C5C5C5C 5D5D5D5D 5E5E5E5E 5F5F5F5F 60606060 61616161 62626262 63636363 64646464 65656565 66666666 67676767 68686868 69696969 6A6A6A6A 6B6B6B6B 6C6C6C6C 6D6D6D6D 
[TC_DEBUG]     [2528] 4F4F4F4F 50505050 51515151 52525252 53535353 54545454 55555555 56565656 57575757 58585858 59595959 5A5A5A5A 5B5B5B5B 5C5C5C5C 5D5D5D5D 5E5E5E5E 5F5F5F5F 60606060 61616161 62626262 63636363 64646464 65656565 66666666 67676767 68686868 69696969 6A6A6A6A 6B6B6B6B 6C6C6C6C 6D6D6D6D 6E6E6E6E 
[TC_DEBUG]     [2560] 50505050 51515151 52525252 53535353 54545454 55555555 56565656 57575757 58585858 59595959 5A5A5A5A 5B5B5B5B 5C5C5C5C 5D5D5D5D 5E5E5E5E 5F5F5F5F 60606060 61616161 62626262 63636363 64646464 65656565 66666666 67676767 68686868 69696969 6A6A6A6A 6B6B6B6B 6C6C6C6C 6D6D6D6D 6E6E6E6E 6F6F6F6F 
[TC_DEBUG]     [2592] 51515151 52525252 53535353 54545454 55555555 56565656 57575757 58585858 59595959 5A5A5A5A 5B5B5B5B 5C5C5C5C 5D5D5D5D 5E5E5E5E 5F5F5F5F 60606060 61616161 62626262 63636363 64646464 65656565 66666666 67676767 68686868 69696969 6A6A6A6A 6B6B6B6B 6C6C6C6C 6D6D6D6D 6E6E6E6E 6F6F6F6F 70707070 
[TC_DEBUG]     [2624] 52525252 53535353 54545454 55555555 56565656 57575757 58585858 59595959 5A5A5A5A 5B5B5B5B 5C5C5C5C 5D5D5D5D 5E5E5E5E 5F5F5F5F 60606060 61616161 62626262 63636363 64646464 65656565 66666666 67676767 68686868 69696969 6A6A6A6A 6B6B6B6B 6C6C6C6C 6D6D6D6D 6E6E6E6E 6F6F6F6F 70707070 71717171 
[TC_DEBUG]     [2656] 53535353 54545454 55555555 56565656 57575757 58585858 59595959 5A5A5A5A 5B5B5B5B 5C5C5C5C 5D5D5D5D 5E5E5E5E 5F5F5F5F 60606060 61616161 62626262 63636363 64646464 65656565 66666666 67676767 68686868 69696969 6A6A6A6A 6B6B6B6B 6C6C6C6C 6D6D6D6D 6E6E6E6E 6F6F6F6F 70707070 71717171 72727272 
[TC_DEBUG]     [2688] 54545454 55555555 56565656 57575757 58585858 59595959 5A5A5A5A 5B5B5B5B 5C5C5C5C 5D5D5D5D 5E5E5E5E 5F5F5F5F 60606060 61616161 62626262 63636363 64646464 65656565 66666666 67676767 68686868 69696969 6A6A6A6A 6B6B6B6B 6C6C6C6C 6D6D6D6D 6E6E6E6E 6F6F6F6F 70707070 71717171 72727272 73737373 
[TC_DEBUG]     [2720] 55555555 56565656 57575757 58585858 59595959 5A5A5A5A 5B5B5B5B 5C5C5C5C 5D5D5D5D 5E5E5E5E 5F5F5F5F 60606060 61616161 62626262 63636363 64646464 65656565 66666666 67676767 68686868 69696969 6A6A6A6A 6B6B6B6B 6C6C6C6C 6D6D6D6D 6E6E6E6E 6F6F6F6F 70707070 71717171 72727272 73737373 74747474 
[TC_DEBUG]     [2752] 56565656 57575757 58585858 59595959 5A5A5A5A 5B5B5B5B 5C5C5C5C 5D5D5D5D 5E5E5E5E 5F5F5F5F 60606060 61616161 62626262 63636363 64646464 65656565 66666666 67676767 68686868 69696969 6A6A6A6A 6B6B6B6B 6C6C6C6C 6D6D6D6D 6E6E6E6E 6F6F6F6F 70707070 71717171 72727272 73737373 74747474 75757575 
[TC_DEBUG]     [2784] 57575757 58585858 59595959 5A5A5A5A 5B5B5B5B 5C5C5C5C 5D5D5D5D 5E5E5E5E 5F5F5F5F 60606060 61616161 62626262 63636363 64646464 65656565 66666666 67676767 68686868 69696969 6A6A6A6A 6B6B6B6B 6C6C6C6C 6D6D6D6D 6E6E6E6E 6F6F6F6F 70707070 71717171 72727272 73737373 74747474 75757575 76767676 
[TC_DEBUG]     [2816] 58585858 59595959 5A5A5A5A 5B5B5B5B 5C5C5C5C 5D5D5D5D 5E5E5E5E 5F5F5F5F 60606060 61616161 62626262 63636363 64646464 65656565 66666666 67676767 68686868 69696969 6A6A6A6A 6B6B6B6B 6C6C6C6C 6D6D6D6D 6E6E6E6E 6F6F6F6F 70707070 71717171 72727272 73737373 74747474 75757575 76767676 77777777 
[TC_DEBUG]     [2848] 59595959 5A5A5A5A 5B5B5B5B 5C5C5C5C 5D5D5D5D 5E5E5E5E 5F5F5F5F 60606060 61616161 62626262 63636363 64646464 65656565 66666666 67676767 68686868 69696969 6A6A6A6A 6B6B6B6B 6C6C6C6C 6D6D6D6D 6E6E6E6E 6F6F6F6F 70707070 71717171 72727272 73737373 74747474 75757575 76767676 77777777 78787878 
[TC_DEBUG]     [2880] 5A5A5A5A 5B5B5B5B 5C5C5C5C 5D5D5D5D 5E5E5E5E 5F5F5F5F 60606060 61616161 62626262 63636363 64646464 65656565 66666666 67676767 68686868 69696969 6A6A6A6A 6B6B6B6B 6C6C6C6C 6D6D6D6D 6E6E6E6E 6F6F6F6F 70707070 71717171 72727272 73737373 74747474 75757575 76767676 77777777 78787878 79797979 
[TC_DEBUG]     [2912] 5B5B5B5B 5C5C5C5C 5D5D5D5D 5E5E5E5E 5F5F5F5F 60606060 61616161 62626262 63636363 64646464 65656565 66666666 67676767 68686868 69696969 6A6A6A6A 6B6B6B6B 6C6C6C6C 6D6D6D6D 6E6E6E6E 6F6F6F6F 70707070 71717171 72727272 73737373 74747474 75757575 76767676 77777777 78787878 79797979 7A7A7A7A 
[TC_DEBUG]     [2944] 5C5C5C5C 5D5D5D5D 5E5E5E5E 5F5F5F5F 60606060 61616161 62626262 63636363 64646464 65656565 66666666 67676767 68686868 69696969 6A6A6A6A 6B6B6B6B 6C6C6C6C 6D6D6D6D 6E6E6E6E 6F6F6F6F 70707070 71717171 72727272 73737373 74747474 75757575 76767676 77777777 78787878 79797979 7A7A7A7A 7B7B7B7B 
[TC_DEBUG]     [2976] 5D5D5D5D 5E5E5E5E 5F5F5F5F 60606060 61616161 62626262 63636363 64646464 65656565 66666666 67676767 68686868 69696969 6A6A6A6A 6B6B6B6B 6C6C6C6C 6D6D6D6D 6E6E6E6E 6F6F6F6F 70707070 71717171 72727272 73737373 74747474 75757575 76767676 77777777 78787878 79797979 7A7A7A7A 7B7B7B7B 7C7C7C7C 
[TC_DEBUG]     [3008] 5E5E5E5E 5F5F5F5F 60606060 61616161 62626262 63636363 64646464 65656565 66666666 67676767 68686868 69696969 6A6A6A6A 6B6B6B6B 6C6C6C6C 6D6D6D6D 6E6E6E6E 6F6F6F6F 70707070 71717171 72727272 73737373 74747474 75757575 76767676 77777777 78787878 79797979 7A7A7A7A 7B7B7B7B 7C7C7C7C 7D7D7D7D 
[TC_DEBUG]     [3040] 5F5F5F5F 60606060 61616161 62626262 63636363 64646464 65656565 66666666 67676767 68686868 69696969 6A6A6A6A 6B6B6B6B 6C6C6C6C 6D6D6D6D 6E6E6E6E 6F6F6F6F 70707070 71717171 72727272 73737373 74747474 75757575 76767676 77777777 78787878 79797979 7A7A7A7A 7B7B7B7B 7C7C7C7C 7D7D7D7D 7E7E7E7E 
[TC_DEBUG]     [3072] 60606060 61616161 62626262 63636363 64646464 65656565 66666666 67676767 68686868 69696969 6A6A6A6A 6B6B6B6B 6C6C6C6C 6D6D6D6D 6E6E6E6E 6F6F6F6F 70707070 71717171 72727272 73737373 74747474 75757575 76767676 77777777 78787878 79797979 7A7A7A7A 7B7B7B7B 7C7C7C7C 7D7D7D7D 7E7E7E7E 7F7F7F7F 
[TC_DEBUG]     [3104] 61616161 62626262 63636363 64646464 65656565 66666666 67676767 68686868 69696969 6A6A6A6A 6B6B6B6B 6C6C6C6C 6D6D6D6D 6E6E6E6E 6F6F6F6F 70707070 71717171 72727272 73737373 74747474 75757575 76767676 77777777 78787878 79797979 7A7A7A7A 7B7B7B7B 7C7C7C7C 7D7D7D7D 7E7E7E7E 7F7F7F7F 80808080 
[TC_DEBUG]     [3136] 62626262 63636363 64646464 65656565 66666666 67676767 68686868 69696969 6A6A6A6A 6B6B6B6B 6C6C6C6C 6D6D6D6D 6E6E6E6E 6F6F6F6F 70707070 71717171 72727272 73737373 74747474 75757575 76767676 77777777 78787878 79797979 7A7A7A7A 7B7B7B7B 7C7C7C7C 7D7D7D7D 7E7E7E7E 7F7F7F7F 80808080 81818181 
[TC_DEBUG]     [3168] 63636363 64646464 65656565 66666666 67676767 68686868 69696969 6A6A6A6A 6B6B6B6B 6C6C6C6C 6D6D6D6D 6E6E6E6E 6F6F6F6F 70707070 71717171 72727272 73737373 74747474 75757575 76767676 77777777 78787878 79797979 7A7A7A7A 7B7B7B7B 7C7C7C7C 7D7D7D7D 7E7E7E7E 7F7F7F7F 80808080 81818181 82828282 
[TC_DEBUG]     [3200] 64646464 65656565 66666666 67676767 68686868 69696969 6A6A6A6A 6B6B6B6B 6C6C6C6C 6D6D6D6D 6E6E6E6E 6F6F6F6F 70707070 71717171 72727272 73737373 74747474 75757575 76767676 77777777 78787878 79797979 7A7A7A7A 7B7B7B7B 7C7C7C7C 7D7D7D7D 7E7E7E7E 7F7F7F7F 80808080 81818181 82828282 83838383 
[TC_DEBUG]     [3232] 65656565 66666666 67676767 68686868 69696969 6A6A6A6A 6B6B6B6B 6C6C6C6C 6D6D6D6D 6E6E6E6E 6F6F6F6F 70707070 71717171 72727272 73737373 74747474 75757575 76767676 77777777 78787878 79797979 7A7A7A7A 7B7B7B7B 7C7C7C7C 7D7D7D7D 7E7E7E7E 7F7F7F7F 80808080 81818181 82828282 83838383 84848484 
[TC_DEBUG]     [3264] 66666666 67676767 68686868 69696969 6A6A6A6A 6B6B6B6B 6C6C6C6C 6D6D6D6D 6E6E6E6E 6F6F6F6F 70707070 71717171 72727272 73737373 74747474 75757575 76767676 77777777 78787878 79797979 7A7A7A7A 7B7B7B7B 7C7C7C7C 7D7D7D7D 7E7E7E7E 7F7F7F7F 80808080 81818181 82828282 83838383 84848484 85858585 
[TC_DEBUG]     [3296] 67676767 68686868 69696969 6A6A6A6A 6B6B6B6B 6C6C6C6C 6D6D6D6D 6E6E6E6E 6F6F6F6F 70707070 71717171 72727272 73737373 74747474 75757575 76767676 77777777 78787878 79797979 7A7A7A7A 7B7B7B7B 7C7C7C7C 7D7D7D7D 7E7E7E7E 7F7F7F7F 80808080 81818181 82828282 83838383 84848484 85858585 86868686 
[TC_DEBUG]     [3328] 68686868 69696969 6A6A6A6A 6B6B6B6B 6C6C6C6C 6D6D6D6D 6E6E6E6E 6F6F6F6F 70707070 71717171 72727272 73737373 74747474 75757575 76767676 77777777 78787878 79797979 7A7A7A7A 7B7B7B7B 7C7C7C7C 7D7D7D7D 7E7E7E7E 7F7F7F7F 80808080 81818181 82828282 83838383 84848484 85858585 86868686 87878787 
[TC_DEBUG]     [3360] 69696969 6A6A6A6A 6B6B6B6B 6C6C6C6C 6D6D6D6D 6E6E6E6E 6F6F6F6F 70707070 71717171 72727272 73737373 74747474 75757575 76767676 77777777 78787878 79797979 7A7A7A7A 7B7B7B7B 7C7C7C7C 7D7D7D7D 7E7E7E7E 7F7F7F7F 80808080 81818181 82828282 83838383 84848484 85858585 86868686 87878787 88888888 
[TC_DEBUG]     [3392] 6A6A6A6A 6B6B6B6B 6C6C6C6C 6D6D6D6D 6E6E6E6E 6F6F6F6F 70707070 71717171 72727272 73737373 74747474 75757575 76767676 77777777 78787878 79797979 7A7A7A7A 7B7B7B7B 7C7C7C7C 7D7D7D7D 7E7E7E7E 7F7F7F7F 80808080 81818181 82828282 83838383 84848484 85858585 86868686 87878787 88888888 89898989 
[TC_DEBUG]     [3424] 6B6B6B6B 6C6C6C6C 6D6D6D6D 6E6E6E6E 6F6F6F6F 70707070 71717171 72727272 73737373 74747474 75757575 76767676 77777777 78787878 79797979 7A7A7A7A 7B7B7B7B 7C7C7C7C 7D7D7D7D 7E7E7E7E 7F7F7F7F 80808080 81818181 82828282 83838383 84848484 85858585 86868686 87878787 88888888 89898989 8A8A8A8A 
[TC_DEBUG]     [3456] 6C6C6C6C 6D6D6D6D 6E6E6E6E 6F6F6F6F 70707070 71717171 72727272 73737373 74747474 75757575 76767676 77777777 78787878 79797979 7A7A7A7A 7B7B7B7B 7C7C7C7C 7D7D7D7D 7E7E7E7E 7F7F7F7F 80808080 81818181 82828282 83838383 84848484 85858585 86868686 87878787 88888888 89898989 8A8A8A8A 8B8B8B8B 
[TC_DEBUG]     [3488] 6D6D6D6D 6E6E6E6E 6F6F6F6F 70707070 71717171 72727272 73737373 74747474 75757575 76767676 77777777 78787878 79797979 7A7A7A7A 7B7B7B7B 7C7C7C7C 7D7D7D7D 7E7E7E7E 7F7F7F7F 80808080 81818181 82828282 83838383 84848484 85858585 86868686 87878787 88888888 89898989 8A8A8A8A 8B8B8B8B 8C8C8C8C 
[TC_DEBUG]     [3520] 6E6E6E6E 6F6F6F6F 70707070 71717171 72727272 73737373 74747474 75757575 76767676 77777777 78787878 79797979 7A7A7A7A 7B7B7B7B 7C7C7C7C 7D7D7D7D 7E7E7E7E 7F7F7F7F 80808080 81818181 82828282 83838383 84848484 85858585 86868686 87878787 88888888 89898989 8A8A8A8A 8B8B8B8B 8C8C8C8C 8D8D8D8D 
[TC_DEBUG]     [3552] 6F6F6F6F 70707070 71717171 72727272 73737373 74747474 75757575 76767676 77777777 78787878 79797979 7A7A7A7A 7B7B7B7B 7C7C7C7C 7D7D7D7D 7E7E7E7E 7F7F7F7F 80808080 81818181 82828282 83838383 84848484 85858585 86868686 87878787 88888888 89898989 8A8A8A8A 8B8B8B8B 8C8C8C8C 8D8D8D8D 8E8E8E8E 
[TC_DEBUG]     [3584] 70707070 71717171 72727272 73737373 74747474 75757575 76767676 77777777 78787878 79797979 7A7A7A7A 7B7B7B7B 7C7C7C7C 7D7D7D7D 7E7E7E7E 7F7F7F7F 80808080 81818181 82828282 83838383 84848484 85858585 86868686 87878787 88888888 89898989 8A8A8A8A 8B8B8B8B 8C8C8C8C 8D8D8D8D 8E8E8E8E 8F8F8F8F 
[TC_DEBUG]     [3616] 71717171 72727272 73737373 74747474 75757575 76767676 77777777 78787878 79797979 7A7A7A7A 7B7B7B7B 7C7C7C7C 7D7D7D7D 7E7E7E7E 7F7F7F7F 80808080 81818181 82828282 83838383 84848484 85858585 86868686 87878787 88888888 89898989 8A8A8A8A 8B8B8B8B 8C8C8C8C 8D8D8D8D 8E8E8E8E 8F8F8F8F 90909090 
[TC_DEBUG]     [3648] 72727272 73737373 74747474 75757575 76767676 77777777 78787878 79797979 7A7A7A7A 7B7B7B7B 7C7C7C7C 7D7D7D7D 7E7E7E7E 7F7F7F7F 80808080 81818181 82828282 83838383 84848484 85858585 86868686 87878787 88888888 89898989 8A8A8A8A 8B8B8B8B 8C8C8C8C 8D8D8D8D 8E8E8E8E 8F8F8F8F 90909090 91919191 
[TC_DEBUG]     [3680] 73737373 74747474 75757575 76767676 77777777 78787878 79797979 7A7A7A7A 7B7B7B7B 7C7C7C7C 7D7D7D7D 7E7E7E7E 7F7F7F7F 80808080 81818181 82828282 83838383 84848484 85858585 86868686 87878787 88888888 89898989 8A8A8A8A 8B8B8B8B 8C8C8C8C 8D8D8D8D 8E8E8E8E 8F8F8F8F 90909090 91919191 92929292 
[TC_DEBUG]     [3712] 74747474 75757575 76767676 77777777 78787878 79797979 7A7A7A7A 7B7B7B7B 7C7C7C7C 7D7D7D7D 7E7E7E7E 7F7F7F7F 80808080 81818181 82828282 83838383 84848484 85858585 86868686 87878787 88888888 89898989 8A8A8A8A 8B8B8B8B 8C8C8C8C 8D8D8D8D 8E8E8E8E 8F8F8F8F 90909090 91919191 92929292 93939393 
[TC_DEBUG]     [3744] 75757575 76767676 77777777 78787878 79797979 7A7A7A7A 7B7B7B7B 7C7C7C7C 7D7D7D7D 7E7E7E7E 7F7F7F7F 80808080 81818181 82828282 83838383 84848484 85858585 86868686 87878787 88888888 89898989 8A8A8A8A 8B8B8B8B 8C8C8C8C 8D8D8D8D 8E8E8E8E 8F8F8F8F 90909090 91919191 92929292 93939393 94949494 
[TC_DEBUG]     [3776] 76767676 77777777 78787878 79797979 7A7A7A7A 7B7B7B7B 7C7C7C7C 7D7D7D7D 7E7E7E7E 7F7F7F7F 80808080 81818181 82828282 83838383 84848484 85858585 86868686 87878787 88888888 89898989 8A8A8A8A 8B8B8B8B 8C8C8C8C 8D8D8D8D 8E8E8E8E 8F8F8F8F 90909090 91919191 92929292 93939393 94949494 95959595 
[TC_DEBUG]     [3808] 77777777 78787878 79797979 7A7A7A7A 7B7B7B7B 7C7C7C7C 7D7D7D7D 7E7E7E7E 7F7F7F7F 80808080 81818181 82828282 83838383 84848484 85858585 86868686 87878787 88888888 89898989 8A8A8A8A 8B8B8B8B 8C8C8C8C 8D8D8D8D 8E8E8E8E 8F8F8F8F 90909090 91919191 92929292 93939393 94949494 95959595 96969696 
[TC_DEBUG]     [3840] 78787878 79797979 7A7A7A7A 7B7B7B7B 7C7C7C7C 7D7D7D7D 7E7E7E7E 7F7F7F7F 80808080 81818181 82828282 83838383 84848484 85858585 86868686 87878787 88888888 89898989 8A8A8A8A 8B8B8B8B 8C8C8C8C 8D8D8D8D 8E8E8E8E 8F8F8F8F 90909090 91919191 92929292 93939393 94949494 95959595 96969696 97979797 
[TC_DEBUG]     [3872] 79797979 7A7A7A7A 7B7B7B7B 7C7C7C7C 7D7D7D7D 7E7E7E7E 7F7F7F7F 80808080 81818181 82828282 83838383 84848484 85858585 86868686 87878787 88888888 89898989 8A8A8A8A 8B8B8B8B 8C8C8C8C 8D8D8D8D 8E8E8E8E 8F8F8F8F 90909090 91919191 92929292 93939393 94949494 95959595 96969696 97979797 98989898 
[TC_DEBUG]     [3904] 7A7A7A7A 7B7B7B7B 7C7C7C7C 7D7D7D7D 7E7E7E7E 7F7F7F7F 80808080 81818181 82828282 83838383 84848484 85858585 86868686 87878787 88888888 89898989 8A8A8A8A 8B8B8B8B 8C8C8C8C 8D8D8D8D 8E8E8E8E 8F8F8F8F 90909090 91919191 92929292 93939393 94949494 95959595 96969696 97979797 98989898 99999999 
[TC_DEBUG]     [3936] 7B7B7B7B 7C7C7C7C 7D7D7D7D 7E7E7E7E 7F7F7F7F 80808080 81818181 82828282 83838383 84848484 85858585 86868686 87878787 88888888 89898989 8A8A8A8A 8B8B8B8B 8C8C8C8C 8D8D8D8D 8E8E8E8E 8F8F8F8F 90909090 91919191 92929292 93939393 94949494 95959595 96969696 97979797 98989898 99999999 9A9A9A9A 
[TC_DEBUG]     [3968] 7C7C7C7C 7D7D7D7D 7E7E7E7E 7F7F7F7F 80808080 81818181 82828282 83838383 84848484 85858585 86868686 87878787 88888888 89898989 8A8A8A8A 8B8B8B8B 8C8C8C8C 8D8D8D8D 8E8E8E8E 8F8F8F8F 90909090 91919191 92929292 93939393 94949494 95959595 96969696 97979797 98989898 99999999 9A9A9A9A 9B9B9B9B 
[TC_DEBUG]     [4000] 7D7D7D7D 7E7E7E7E 7F7F7F7F 80808080 81818181 82828282 83838383 84848484 85858585 86868686 87878787 88888888 89898989 8A8A8A8A 8B8B8B8B 8C8C8C8C 8D8D8D8D 8E8E8E8E 8F8F8F8F 90909090 91919191 92929292 93939393 94949494 95959595 96969696 97979797 98989898 99999999 9A9A9A9A 9B9B9B9B 9C9C9C9C 
[TC_DEBUG]     [4032] 7E7E7E7E 7F7F7F7F 80808080 81818181 82828282 83838383 84848484 85858585 86868686 87878787 88888888 89898989 8A8A8A8A 8B8B8B8B 8C8C8C8C 8D8D8D8D 8E8E8E8E 8F8F8F8F 90909090 91919191 92929292 93939393 94949494 95959595 96969696 97979797 98989898 99999999 9A9A9A9A 9B9B9B9B 9C9C9C9C 9D9D9D9D 
[TC_DEBUG]     [4064] 7F7F7F7F 80808080 81818181 82828282 83838383 84848484 85858585 86868686 87878787 88888888 89898989 8A8A8A8A 8B8B8B8B 8C8C8C8C 8D8D8D8D 8E8E8E8E 8F8F8F8F 90909090 91919191 92929292 93939393 94949494 95959595 96969696 97979797 98989898 99999999 9A9A9A9A 9B9B9B9B 9C9C9C9C 9D9D9D9D 9E9E9E9E 
Test 1 completed

=== Test 2: tc.st.add Broadcast Addition (2x2) ===
tlength: 0x00000104 (left_len=4, top_len=1)
Computing: acc[m][n] = Left[m] + Top[n]
[TC] tc.st.add        PC=0x80000434  Encoding=0x0A0AA4DB
[TC_DEBUG] tc.st.add: trs1=0, trs2=1, rs1v=0x50000000, rs2v=0x00000000
[TC_DEBUG]   M2=2, M1=32, N2=2, N1=32
[TC_DEBUG]   startpoint_left=0, startpoint_top=0
[TC_DEBUG]   left_data_len=2, top_data_len=2
[TC_DEBUG]   LeftData (tr0, 64 int32 elements):
[TC_DEBUG]     [0000] 00000000 01010101 02020202 03030303 04040404 05050505 06060606 07070707 08080808 09090909 0A0A0A0A 0B0B0B0B 0C0C0C0C 0D0D0D0D 0E0E0E0E 0F0F0F0F 10101010 11111111 12121212 13131313 14141414 15151515 16161616 17171717 18181818 19191919 1A1A1A1A 1B1B1B1B 1C1C1C1C 1D1D1D1D 1E1E1E1E 1F1F1F1F 
[TC_DEBUG]     [0032] 20202020 21212121 22222222 23232323 24242424 25252525 26262626 27272727 28282828 29292929 2A2A2A2A 2B2B2B2B 2C2C2C2C 2D2D2D2D 2E2E2E2E 2F2F2F2F 30303030 31313131 32323232 33333333 34343434 35353535 36363636 37373737 38383838 39393939 3A3A3A3A 3B3B3B3B 3C3C3C3C 3D3D3D3D 3E3E3E3E 3F3F3F3F 
[TC_DEBUG]   TopData (tr1, 64 int32 elements):
[TC_DEBUG]     [0000] 00000000 01010101 02020202 03030303 04040404 05050505 06060606 07070707 08080808 09090909 0A0A0A0A 0B0B0B0B 0C0C0C0C 0D0D0D0D 0E0E0E0E 0F0F0F0F 10101010 11111111 12121212 13131313 14141414 15151515 16161616 17171717 18181818 19191919 1A1A1A1A 1B1B1B1B 1C1C1C1C 1D1D1D1D 1E1E1E1E 1F1F1F1F 
[TC_DEBUG]     [0032] 00000000 01010101 02020202 03030303 04040404 05050505 06060606 07070707 08080808 09090909 0A0A0A0A 0B0B0B0B 0C0C0C0C 0D0D0D0D 0E0E0E0E 0F0F0F0F 10101010 11111111 12121212 13131313 14141414 15151515 16161616 17171717 18181818 19191919 1A1A1A1A 1B1B1B1B 1C1C1C1C 1D1D1D1D 1E1E1E1E 1F1F1F1F 
[TC_DEBUG]   AccBuffer (base=0x50000000, 4096 elements):
[TC_DEBUG]     [0000] 00000000 01010101 02020202 03030303 04040404 05050505 06060606 07070707 08080808 09090909 0A0A0A0A 0B0B0B0B 0C0C0C0C 0D0D0D0D 0E0E0E0E 0F0F0F0F 10101010 11111111 12121212 13131313 14141414 15151515 16161616 17171717 18181818 19191919 1A1A1A1A 1B1B1B1B 1C1C1C1C 1D1D1D1D 1E1E1E1E 1F1F1F1F 
[TC_DEBUG]     [0032] 00000000 01010101 02020202 03030303 04040404 05050505 06060606 07070707 08080808 09090909 0A0A0A0A 0B0B0B0B 0C0C0C0C 0D0D0D0D 0E0E0E0E 0F0F0F0F 10101010 11111111 12121212 13131313 14141414 15151515 16161616 17171717 18181818 19191919 1A1A1A1A 1B1B1B1B 1C1C1C1C 1D1D1D1D 1E1E1E1E 1F1F1F1F 
[TC_DEBUG]     [0064] 01010101 02020202 03030303 04040404 05050505 06060606 07070707 08080808 09090909 0A0A0A0A 0B0B0B0B 0C0C0C0C 0D0D0D0D 0E0E0E0E 0F0F0F0F 10101010 11111111 12121212 13131313 14141414 15151515 16161616 17171717 18181818 19191919 1A1A1A1A 1B1B1B1B 1C1C1C1C 1D1D1D1D 1E1E1E1E 1F1F1F1F 20202020 
[TC_DEBUG]     [0096] 01010101 02020202 03030303 04040404 05050505 06060606 07070707 08080808 09090909 0A0A0A0A 0B0B0B0B 0C0C0C0C 0D0D0D0D 0E0E0E0E 0F0F0F0F 10101010 11111111 12121212 13131313 14141414 15151515 16161616 17171717 18181818 19191919 1A1A1A1A 1B1B1B1B 1C1C1C1C 1D1D1D1D 1E1E1E1E 1F1F1F1F 20202020 
[TC_DEBUG]     [0128] 02020202 03030303 04040404 05050505 06060606 07070707 08080808 09090909 0A0A0A0A 0B0B0B0B 0C0C0C0C 0D0D0D0D 0E0E0E0E 0F0F0F0F 10101010 11111111 12121212 13131313 14141414 15151515 16161616 17171717 18181818 19191919 1A1A1A1A 1B1B1B1B 1C1C1C1C 1D1D1D1D 1E1E1E1E 1F1F1F1F 20202020 21212121 
[TC_DEBUG]     [0160] 02020202 03030303 04040404 05050505 06060606 07070707 08080808 09090909 0A0A0A0A 0B0B0B0B 0C0C0C0C 0D0D0D0D 0E0E0E0E 0F0F0F0F 10101010 11111111 12121212 13131313 14141414 15151515 16161616 17171717 18181818 19191919 1A1A1A1A 1B1B1B1B 1C1C1C1C 1D1D1D1D 1E1E1E1E 1F1F1F1F 20202020 21212121 
[TC_DEBUG]     [0192] 03030303 04040404 05050505 06060606 07070707 08080808 09090909 0A0A0A0A 0B0B0B0B 0C0C0C0C 0D0D0D0D 0E0E0E0E 0F0F0F0F 10101010 11111111 12121212 13131313 14141414 15151515 16161616 17171717 18181818 19191919 1A1A1A1A 1B1B1B1B 1C1C1C1C 1D1D1D1D 1E1E1E1E 1F1F1F1F 20202020 21212121 22222222 
[TC_DEBUG]     [0224] 03030303 04040404 05050505 06060606 07070707 08080808 09090909 0A0A0A0A 0B0B0B0B 0C0C0C0C 0D0D0D0D 0E0E0E0E 0F0F0F0F 10101010 11111111 12121212 13131313 14141414 15151515 16161616 17171717 18181818 19191919 1A1A1A1A 1B1B1B1B 1C1C1C1C 1D1D1D1D 1E1E1E1E 1F1F1F1F 20202020 21212121 22222222 
[TC_DEBUG]     [0256] 04040404 05050505 06060606 07070707 08080808 09090909 0A0A0A0A 0B0B0B0B 0C0C0C0C 0D0D0D0D 0E0E0E0E 0F0F0F0F 10101010 11111111 12121212 13131313 14141414 15151515 16161616 17171717 18181818 19191919 1A1A1A1A 1B1B1B1B 1C1C1C1C 1D1D1D1D 1E1E1E1E 1F1F1F1F 20202020 21212121 22222222 23232323 
[TC_DEBUG]     [0288] 04040404 05050505 06060606 07070707 08080808 09090909 0A0A0A0A 0B0B0B0B 0C0C0C0C 0D0D0D0D 0E0E0E0E 0F0F0F0F 10101010 11111111 12121212 13131313 14141414 15151515 16161616 17171717 18181818 19191919 1A1A1A1A 1B1B1B1B 1C1C1C1C 1D1D1D1D 1E1E1E1E 1F1F1F1F 20202020 21212121 22222222 23232323 
[TC_DEBUG]     [0320] 05050505 06060606 07070707 08080808 09090909 0A0A0A0A 0B0B0B0B 0C0C0C0C 0D0D0D0D 0E0E0E0E 0F0F0F0F 10101010 11111111 12121212 13131313 14141414 15151515 16161616 17171717 18181818 19191919 1A1A1A1A 1B1B1B1B 1C1C1C1C 1D1D1D1D 1E1E1E1E 1F1F1F1F 20202020 21212121 22222222 23232323 24242424 
[TC_DEBUG]     [0352] 05050505 06060606 07070707 08080808 09090909 0A0A0A0A 0B0B0B0B 0C0C0C0C 0D0D0D0D 0E0E0E0E 0F0F0F0F 10101010 11111111 12121212 13131313 14141414 15151515 16161616 17171717 18181818 19191919 1A1A1A1A 1B1B1B1B 1C1C1C1C 1D1D1D1D 1E1E1E1E 1F1F1F1F 20202020 21212121 22222222 23232323 24242424 
[TC_DEBUG]     [0384] 06060606 07070707 08080808 09090909 0A0A0A0A 0B0B0B0B 0C0C0C0C 0D0D0D0D 0E0E0E0E 0F0F0F0F 10101010 11111111 12121212 13131313 14141414 15151515 16161616 17171717 18181818 19191919 1A1A1A1A 1B1B1B1B 1C1C1C1C 1D1D1D1D 1E1E1E1E 1F1F1F1F 20202020 21212121 22222222 23232323 24242424 25252525 
[TC_DEBUG]     [0416] 06060606 07070707 08080808 09090909 0A0A0A0A 0B0B0B0B 0C0C0C0C 0D0D0D0D 0E0E0E0E 0F0F0F0F 10101010 11111111 12121212 13131313 14141414 15151515 16161616 17171717 18181818 19191919 1A1A1A1A 1B1B1B1B 1C1C1C1C 1D1D1D1D 1E1E1E1E 1F1F1F1F 20202020 21212121 22222222 23232323 24242424 25252525 
[TC_DEBUG]     [0448] 07070707 08080808 09090909 0A0A0A0A 0B0B0B0B 0C0C0C0C 0D0D0D0D 0E0E0E0E 0F0F0F0F 10101010 11111111 12121212 13131313 14141414 15151515 16161616 17171717 18181818 19191919 1A1A1A1A 1B1B1B1B 1C1C1C1C 1D1D1D1D 1E1E1E1E 1F1F1F1F 20202020 21212121 22222222 23232323 24242424 25252525 26262626 
[TC_DEBUG]     [0480] 07070707 08080808 09090909 0A0A0A0A 0B0B0B0B 0C0C0C0C 0D0D0D0D 0E0E0E0E 0F0F0F0F 10101010 11111111 12121212 13131313 14141414 15151515 16161616 17171717 18181818 19191919 1A1A1A1A 1B1B1B1B 1C1C1C1C 1D1D1D1D 1E1E1E1E 1F1F1F1F 20202020 21212121 22222222 23232323 24242424 25252525 26262626 
[TC_DEBUG]     [0512] 08080808 09090909 0A0A0A0A 0B0B0B0B 0C0C0C0C 0D0D0D0D 0E0E0E0E 0F0F0F0F 10101010 11111111 12121212 13131313 14141414 15151515 16161616 17171717 18181818 19191919 1A1A1A1A 1B1B1B1B 1C1C1C1C 1D1D1D1D 1E1E1E1E 1F1F1F1F 20202020 21212121 22222222 23232323 24242424 25252525 26262626 27272727 
[TC_DEBUG]     [0544] 08080808 09090909 0A0A0A0A 0B0B0B0B 0C0C0C0C 0D0D0D0D 0E0E0E0E 0F0F0F0F 10101010 11111111 12121212 13131313 14141414 15151515 16161616 17171717 18181818 19191919 1A1A1A1A 1B1B1B1B 1C1C1C1C 1D1D1D1D 1E1E1E1E 1F1F1F1F 20202020 21212121 22222222 23232323 24242424 25252525 26262626 27272727 
[TC_DEBUG]     [0576] 09090909 0A0A0A0A 0B0B0B0B 0C0C0C0C 0D0D0D0D 0E0E0E0E 0F0F0F0F 10101010 11111111 12121212 13131313 14141414 15151515 16161616 17171717 18181818 19191919 1A1A1A1A 1B1B1B1B 1C1C1C1C 1D1D1D1D 1E1E1E1E 1F1F1F1F 20202020 21212121 22222222 23232323 24242424 25252525 26262626 27272727 28282828 
[TC_DEBUG]     [0608] 09090909 0A0A0A0A 0B0B0B0B 0C0C0C0C 0D0D0D0D 0E0E0E0E 0F0F0F0F 10101010 11111111 12121212 13131313 14141414 15151515 16161616 17171717 18181818 19191919 1A1A1A1A 1B1B1B1B 1C1C1C1C 1D1D1D1D 1E1E1E1E 1F1F1F1F 20202020 21212121 22222222 23232323 24242424 25252525 26262626 27272727 28282828 
[TC_DEBUG]     [0640] 0A0A0A0A 0B0B0B0B 0C0C0C0C 0D0D0D0D 0E0E0E0E 0F0F0F0F 10101010 11111111 12121212 13131313 14141414 15151515 16161616 17171717 18181818 19191919 1A1A1A1A 1B1B1B1B 1C1C1C1C 1D1D1D1D 1E1E1E1E 1F1F1F1F 20202020 21212121 22222222 23232323 24242424 25252525 26262626 27272727 28282828 29292929 
[TC_DEBUG]     [0672] 0A0A0A0A 0B0B0B0B 0C0C0C0C 0D0D0D0D 0E0E0E0E 0F0F0F0F 10101010 11111111 12121212 13131313 14141414 15151515 16161616 17171717 18181818 19191919 1A1A1A1A 1B1B1B1B 1C1C1C1C 1D1D1D1D 1E1E1E1E 1F1F1F1F 20202020 21212121 22222222 23232323 24242424 25252525 26262626 27272727 28282828 29292929 
[TC_DEBUG]     [0704] 0B0B0B0B 0C0C0C0C 0D0D0D0D 0E0E0E0E 0F0F0F0F 10101010 11111111 12121212 13131313 14141414 15151515 16161616 17171717 18181818 19191919 1A1A1A1A 1B1B1B1B 1C1C1C1C 1D1D1D1D 1E1E1E1E 1F1F1F1F 20202020 21212121 22222222 23232323 24242424 25252525 26262626 27272727 28282828 29292929 2A2A2A2A 
[TC_DEBUG]     [0736] 0B0B0B0B 0C0C0C0C 0D0D0D0D 0E0E0E0E 0F0F0F0F 10101010 11111111 12121212 13131313 14141414 15151515 16161616 17171717 18181818 19191919 1A1A1A1A 1B1B1B1B 1C1C1C1C 1D1D1D1D 1E1E1E1E 1F1F1F1F 20202020 21212121 22222222 23232323 24242424 25252525 26262626 27272727 28282828 29292929 2A2A2A2A 
[TC_DEBUG]     [0768] 0C0C0C0C 0D0D0D0D 0E0E0E0E 0F0F0F0F 10101010 11111111 12121212 13131313 14141414 15151515 16161616 17171717 18181818 19191919 1A1A1A1A 1B1B1B1B 1C1C1C1C 1D1D1D1D 1E1E1E1E 1F1F1F1F 20202020 21212121 22222222 23232323 24242424 25252525 26262626 27272727 28282828 29292929 2A2A2A2A 2B2B2B2B 
[TC_DEBUG]     [0800] 0C0C0C0C 0D0D0D0D 0E0E0E0E 0F0F0F0F 10101010 11111111 12121212 13131313 14141414 15151515 16161616 17171717 18181818 19191919 1A1A1A1A 1B1B1B1B 1C1C1C1C 1D1D1D1D 1E1E1E1E 1F1F1F1F 20202020 21212121 22222222 23232323 24242424 25252525 26262626 27272727 28282828 29292929 2A2A2A2A 2B2B2B2B 
[TC_DEBUG]     [0832] 0D0D0D0D 0E0E0E0E 0F0F0F0F 10101010 11111111 12121212 13131313 14141414 15151515 16161616 17171717 18181818 19191919 1A1A1A1A 1B1B1B1B 1C1C1C1C 1D1D1D1D 1E1E1E1E 1F1F1F1F 20202020 21212121 22222222 23232323 24242424 25252525 26262626 27272727 28282828 29292929 2A2A2A2A 2B2B2B2B 2C2C2C2C 
[TC_DEBUG]     [0864] 0D0D0D0D 0E0E0E0E 0F0F0F0F 10101010 11111111 12121212 13131313 14141414 15151515 16161616 17171717 18181818 19191919 1A1A1A1A 1B1B1B1B 1C1C1C1C 1D1D1D1D 1E1E1E1E 1F1F1F1F 20202020 21212121 22222222 23232323 24242424 25252525 26262626 27272727 28282828 29292929 2A2A2A2A 2B2B2B2B 2C2C2C2C 
[TC_DEBUG]     [0896] 0E0E0E0E 0F0F0F0F 10101010 11111111 12121212 13131313 14141414 15151515 16161616 17171717 18181818 19191919 1A1A1A1A 1B1B1B1B 1C1C1C1C 1D1D1D1D 1E1E1E1E 1F1F1F1F 20202020 21212121 22222222 23232323 24242424 25252525 26262626 27272727 28282828 29292929 2A2A2A2A 2B2B2B2B 2C2C2C2C 2D2D2D2D 
[TC_DEBUG]     [0928] 0E0E0E0E 0F0F0F0F 10101010 11111111 12121212 13131313 14141414 15151515 16161616 17171717 18181818 19191919 1A1A1A1A 1B1B1B1B 1C1C1C1C 1D1D1D1D 1E1E1E1E 1F1F1F1F 20202020 21212121 22222222 23232323 24242424 25252525 26262626 27272727 28282828 29292929 2A2A2A2A 2B2B2B2B 2C2C2C2C 2D2D2D2D 
[TC_DEBUG]     [0960] 0F0F0F0F 10101010 11111111 12121212 13131313 14141414 15151515 16161616 17171717 18181818 19191919 1A1A1A1A 1B1B1B1B 1C1C1C1C 1D1D1D1D 1E1E1E1E 1F1F1F1F 20202020 21212121 22222222 23232323 24242424 25252525 26262626 27272727 28282828 29292929 2A2A2A2A 2B2B2B2B 2C2C2C2C 2D2D2D2D 2E2E2E2E 
[TC_DEBUG]     [0992] 0F0F0F0F 10101010 11111111 12121212 13131313 14141414 15151515 16161616 17171717 18181818 19191919 1A1A1A1A 1B1B1B1B 1C1C1C1C 1D1D1D1D 1E1E1E1E 1F1F1F1F 20202020 21212121 22222222 23232323 24242424 25252525 26262626 27272727 28282828 29292929 2A2A2A2A 2B2B2B2B 2C2C2C2C 2D2D2D2D 2E2E2E2E 
[TC_DEBUG]     [1024] 10101010 11111111 12121212 13131313 14141414 15151515 16161616 17171717 18181818 19191919 1A1A1A1A 1B1B1B1B 1C1C1C1C 1D1D1D1D 1E1E1E1E 1F1F1F1F 20202020 21212121 22222222 23232323 24242424 25252525 26262626 27272727 28282828 29292929 2A2A2A2A 2B2B2B2B 2C2C2C2C 2D2D2D2D 2E2E2E2E 2F2F2F2F 
[TC_DEBUG]     [1056] 10101010 11111111 12121212 13131313 14141414 15151515 16161616 17171717 18181818 19191919 1A1A1A1A 1B1B1B1B 1C1C1C1C 1D1D1D1D 1E1E1E1E 1F1F1F1F 20202020 21212121 22222222 23232323 24242424 25252525 26262626 27272727 28282828 29292929 2A2A2A2A 2B2B2B2B 2C2C2C2C 2D2D2D2D 2E2E2E2E 2F2F2F2F 
[TC_DEBUG]     [1088] 11111111 12121212 13131313 14141414 15151515 16161616 17171717 18181818 19191919 1A1A1A1A 1B1B1B1B 1C1C1C1C 1D1D1D1D 1E1E1E1E 1F1F1F1F 20202020 21212121 22222222 23232323 24242424 25252525 26262626 27272727 28282828 29292929 2A2A2A2A 2B2B2B2B 2C2C2C2C 2D2D2D2D 2E2E2E2E 2F2F2F2F 30303030 
[TC_DEBUG]     [1120] 11111111 12121212 13131313 14141414 15151515 16161616 17171717 18181818 19191919 1A1A1A1A 1B1B1B1B 1C1C1C1C 1D1D1D1D 1E1E1E1E 1F1F1F1F 20202020 21212121 22222222 23232323 24242424 25252525 26262626 27272727 28282828 29292929 2A2A2A2A 2B2B2B2B 2C2C2C2C 2D2D2D2D 2E2E2E2E 2F2F2F2F 30303030 
[TC_DEBUG]     [1152] 12121212 13131313 14141414 15151515 16161616 17171717 18181818 19191919 1A1A1A1A 1B1B1B1B 1C1C1C1C 1D1D1D1D 1E1E1E1E 1F1F1F1F 20202020 21212121 22222222 23232323 24242424 25252525 26262626 27272727 28282828 29292929 2A2A2A2A 2B2B2B2B 2C2C2C2C 2D2D2D2D 2E2E2E2E 2F2F2F2F 30303030 31313131 
[TC_DEBUG]     [1184] 12121212 13131313 14141414 15151515 16161616 17171717 18181818 19191919 1A1A1A1A 1B1B1B1B 1C1C1C1C 1D1D1D1D 1E1E1E1E 1F1F1F1F 20202020 21212121 22222222 23232323 24242424 25252525 26262626 27272727 28282828 29292929 2A2A2A2A 2B2B2B2B 2C2C2C2C 2D2D2D2D 2E2E2E2E 2F2F2F2F 30303030 31313131 
[TC_DEBUG]     [1216] 13131313 14141414 15151515 16161616 17171717 18181818 19191919 1A1A1A1A 1B1B1B1B 1C1C1C1C 1D1D1D1D 1E1E1E1E 1F1F1F1F 20202020 21212121 22222222 23232323 24242424 25252525 26262626 27272727 28282828 29292929 2A2A2A2A 2B2B2B2B 2C2C2C2C 2D2D2D2D 2E2E2E2E 2F2F2F2F 30303030 31313131 32323232 
[TC_DEBUG]     [1248] 13131313 14141414 15151515 16161616 17171717 18181818 19191919 1A1A1A1A 1B1B1B1B 1C1C1C1C 1D1D1D1D 1E1E1E1E 1F1F1F1F 20202020 21212121 22222222 23232323 24242424 25252525 26262626 27272727 28282828 29292929 2A2A2A2A 2B2B2B2B 2C2C2C2C 2D2D2D2D 2E2E2E2E 2F2F2F2F 30303030 31313131 32323232 
[TC_DEBUG]     [1280] 14141414 15151515 16161616 17171717 18181818 19191919 1A1A1A1A 1B1B1B1B 1C1C1C1C 1D1D1D1D 1E1E1E1E 1F1F1F1F 20202020 21212121 22222222 23232323 24242424 25252525 26262626 27272727 28282828 29292929 2A2A2A2A 2B2B2B2B 2C2C2C2C 2D2D2D2D 2E2E2E2E 2F2F2F2F 30303030 31313131 32323232 33333333 
[TC_DEBUG]     [1312] 14141414 15151515 16161616 17171717 18181818 19191919 1A1A1A1A 1B1B1B1B 1C1C1C1C 1D1D1D1D 1E1E1E1E 1F1F1F1F 20202020 21212121 22222222 23232323 24242424 25252525 26262626 27272727 28282828 29292929 2A2A2A2A 2B2B2B2B 2C2C2C2C 2D2D2D2D 2E2E2E2E 2F2F2F2F 30303030 31313131 32323232 33333333 
[TC_DEBUG]     [1344] 15151515 16161616 17171717 18181818 19191919 1A1A1A1A 1B1B1B1B 1C1C1C1C 1D1D1D1D 1E1E1E1E 1F1F1F1F 20202020 21212121 22222222 23232323 24242424 25252525 26262626 27272727 28282828 29292929 2A2A2A2A 2B2B2B2B 2C2C2C2C 2D2D2D2D 2E2E2E2E 2F2F2F2F 30303030 31313131 32323232 33333333 34343434 
[TC_DEBUG]     [1376] 15151515 16161616 17171717 18181818 19191919 1A1A1A1A 1B1B1B1B 1C1C1C1C 1D1D1D1D 1E1E1E1E 1F1F1F1F 20202020 21212121 22222222 23232323 24242424 25252525 26262626 27272727 28282828 29292929 2A2A2A2A 2B2B2B2B 2C2C2C2C 2D2D2D2D 2E2E2E2E 2F2F2F2F 30303030 31313131 32323232 33333333 34343434 
[TC_DEBUG]     [1408] 16161616 17171717 18181818 19191919 1A1A1A1A 1B1B1B1B 1C1C1C1C 1D1D1D1D 1E1E1E1E 1F1F1F1F 20202020 21212121 22222222 23232323 24242424 25252525 26262626 27272727 28282828 29292929 2A2A2A2A 2B2B2B2B 2C2C2C2C 2D2D2D2D 2E2E2E2E 2F2F2F2F 30303030 31313131 32323232 33333333 34343434 35353535 
[TC_DEBUG]     [1440] 16161616 17171717 18181818 19191919 1A1A1A1A 1B1B1B1B 1C1C1C1C 1D1D1D1D 1E1E1E1E 1F1F1F1F 20202020 21212121 22222222 23232323 24242424 25252525 26262626 27272727 28282828 29292929 2A2A2A2A 2B2B2B2B 2C2C2C2C 2D2D2D2D 2E2E2E2E 2F2F2F2F 30303030 31313131 32323232 33333333 34343434 35353535 
[TC_DEBUG]     [1472] 17171717 18181818 19191919 1A1A1A1A 1B1B1B1B 1C1C1C1C 1D1D1D1D 1E1E1E1E 1F1F1F1F 20202020 21212121 22222222 23232323 24242424 25252525 26262626 27272727 28282828 29292929 2A2A2A2A 2B2B2B2B 2C2C2C2C 2D2D2D2D 2E2E2E2E 2F2F2F2F 30303030 31313131 32323232 33333333 34343434 35353535 36363636 
[TC_DEBUG]     [1504] 17171717 18181818 19191919 1A1A1A1A 1B1B1B1B 1C1C1C1C 1D1D1D1D 1E1E1E1E 1F1F1F1F 20202020 21212121 22222222 23232323 24242424 25252525 26262626 27272727 28282828 29292929 2A2A2A2A 2B2B2B2B 2C2C2C2C 2D2D2D2D 2E2E2E2E 2F2F2F2F 30303030 31313131 32323232 33333333 34343434 35353535 36363636 
[TC_DEBUG]     [1536] 18181818 19191919 1A1A1A1A 1B1B1B1B 1C1C1C1C 1D1D1D1D 1E1E1E1E 1F1F1F1F 20202020 21212121 22222222 23232323 24242424 25252525 26262626 27272727 28282828 29292929 2A2A2A2A 2B2B2B2B 2C2C2C2C 2D2D2D2D 2E2E2E2E 2F2F2F2F 30303030 31313131 32323232 33333333 34343434 35353535 36363636 37373737 
[TC_DEBUG]     [1568] 18181818 19191919 1A1A1A1A 1B1B1B1B 1C1C1C1C 1D1D1D1D 1E1E1E1E 1F1F1F1F 20202020 21212121 22222222 23232323 24242424 25252525 26262626 27272727 28282828 29292929 2A2A2A2A 2B2B2B2B 2C2C2C2C 2D2D2D2D 2E2E2E2E 2F2F2F2F 30303030 31313131 32323232 33333333 34343434 35353535 36363636 37373737 
[TC_DEBUG]     [1600] 19191919 1A1A1A1A 1B1B1B1B 1C1C1C1C 1D1D1D1D 1E1E1E1E 1F1F1F1F 20202020 21212121 22222222 23232323 24242424 25252525 26262626 27272727 28282828 29292929 2A2A2A2A 2B2B2B2B 2C2C2C2C 2D2D2D2D 2E2E2E2E 2F2F2F2F 30303030 31313131 32323232 33333333 34343434 35353535 36363636 37373737 38383838 
[TC_DEBUG]     [1632] 19191919 1A1A1A1A 1B1B1B1B 1C1C1C1C 1D1D1D1D 1E1E1E1E 1F1F1F1F 20202020 21212121 22222222 23232323 24242424 25252525 26262626 27272727 28282828 29292929 2A2A2A2A 2B2B2B2B 2C2C2C2C 2D2D2D2D 2E2E2E2E 2F2F2F2F 30303030 31313131 32323232 33333333 34343434 35353535 36363636 37373737 38383838 
[TC_DEBUG]     [1664] 1A1A1A1A 1B1B1B1B 1C1C1C1C 1D1D1D1D 1E1E1E1E 1F1F1F1F 20202020 21212121 22222222 23232323 24242424 25252525 26262626 27272727 28282828 29292929 2A2A2A2A 2B2B2B2B 2C2C2C2C 2D2D2D2D 2E2E2E2E 2F2F2F2F 30303030 31313131 32323232 33333333 34343434 35353535 36363636 37373737 38383838 39393939 
[TC_DEBUG]     [1696] 1A1A1A1A 1B1B1B1B 1C1C1C1C 1D1D1D1D 1E1E1E1E 1F1F1F1F 20202020 21212121 22222222 23232323 24242424 25252525 26262626 27272727 28282828 29292929 2A2A2A2A 2B2B2B2B 2C2C2C2C 2D2D2D2D 2E2E2E2E 2F2F2F2F 30303030 31313131 32323232 33333333 34343434 35353535 36363636 37373737 38383838 39393939 
[TC_DEBUG]     [1728] 1B1B1B1B 1C1C1C1C 1D1D1D1D 1E1E1E1E 1F1F1F1F 20202020 21212121 22222222 23232323 24242424 25252525 26262626 27272727 28282828 29292929 2A2A2A2A 2B2B2B2B 2C2C2C2C 2D2D2D2D 2E2E2E2E 2F2F2F2F 30303030 31313131 32323232 33333333 34343434 35353535 36363636 37373737 38383838 39393939 3A3A3A3A 
[TC_DEBUG]     [1760] 1B1B1B1B 1C1C1C1C 1D1D1D1D 1E1E1E1E 1F1F1F1F 20202020 21212121 22222222 23232323 24242424 25252525 26262626 27272727 28282828 29292929 2A2A2A2A 2B2B2B2B 2C2C2C2C 2D2D2D2D 2E2E2E2E 2F2F2F2F 30303030 31313131 32323232 33333333 34343434 35353535 36363636 37373737 38383838 39393939 3A3A3A3A 
[TC_DEBUG]     [1792] 1C1C1C1C 1D1D1D1D 1E1E1E1E 1F1F1F1F 20202020 21212121 22222222 23232323 24242424 25252525 26262626 27272727 28282828 29292929 2A2A2A2A 2B2B2B2B 2C2C2C2C 2D2D2D2D 2E2E2E2E 2F2F2F2F 30303030 31313131 32323232 33333333 34343434 35353535 36363636 37373737 38383838 39393939 3A3A3A3A 3B3B3B3B 
[TC_DEBUG]     [1824] 1C1C1C1C 1D1D1D1D 1E1E1E1E 1F1F1F1F 20202020 21212121 22222222 23232323 24242424 25252525 26262626 27272727 28282828 29292929 2A2A2A2A 2B2B2B2B 2C2C2C2C 2D2D2D2D 2E2E2E2E 2F2F2F2F 30303030 31313131 32323232 33333333 34343434 35353535 36363636 37373737 38383838 39393939 3A3A3A3A 3B3B3B3B 
[TC_DEBUG]     [1856] 1D1D1D1D 1E1E1E1E 1F1F1F1F 20202020 21212121 22222222 23232323 24242424 25252525 26262626 27272727 28282828 29292929 2A2A2A2A 2B2B2B2B 2C2C2C2C 2D2D2D2D 2E2E2E2E 2F2F2F2F 30303030 31313131 32323232 33333333 34343434 35353535 36363636 37373737 38383838 39393939 3A3A3A3A 3B3B3B3B 3C3C3C3C 
[TC_DEBUG]     [1888] 1D1D1D1D 1E1E1E1E 1F1F1F1F 20202020 21212121 22222222 23232323 24242424 25252525 26262626 27272727 28282828 29292929 2A2A2A2A 2B2B2B2B 2C2C2C2C 2D2D2D2D 2E2E2E2E 2F2F2F2F 30303030 31313131 32323232 33333333 34343434 35353535 36363636 37373737 38383838 39393939 3A3A3A3A 3B3B3B3B 3C3C3C3C 
[TC_DEBUG]     [1920] 1E1E1E1E 1F1F1F1F 20202020 21212121 22222222 23232323 24242424 25252525 26262626 27272727 28282828 29292929 2A2A2A2A 2B2B2B2B 2C2C2C2C 2D2D2D2D 2E2E2E2E 2F2F2F2F 30303030 31313131 32323232 33333333 34343434 35353535 36363636 37373737 38383838 39393939 3A3A3A3A 3B3B3B3B 3C3C3C3C 3D3D3D3D 
[TC_DEBUG]     [1952] 1E1E1E1E 1F1F1F1F 20202020 21212121 22222222 23232323 24242424 25252525 26262626 27272727 28282828 29292929 2A2A2A2A 2B2B2B2B 2C2C2C2C 2D2D2D2D 2E2E2E2E 2F2F2F2F 30303030 31313131 32323232 33333333 34343434 35353535 36363636 37373737 38383838 39393939 3A3A3A3A 3B3B3B3B 3C3C3C3C 3D3D3D3D 
[TC_DEBUG]     [1984] 1F1F1F1F 20202020 21212121 22222222 23232323 24242424 25252525 26262626 27272727 28282828 29292929 2A2A2A2A 2B2B2B2B 2C2C2C2C 2D2D2D2D 2E2E2E2E 2F2F2F2F 30303030 31313131 32323232 33333333 34343434 35353535 36363636 37373737 38383838 39393939 3A3A3A3A 3B3B3B3B 3C3C3C3C 3D3D3D3D 3E3E3E3E 
[TC_DEBUG]     [2016] 1F1F1F1F 20202020 21212121 22222222 23232323 24242424 25252525 26262626 27272727 28282828 29292929 2A2A2A2A 2B2B2B2B 2C2C2C2C 2D2D2D2D 2E2E2E2E 2F2F2F2F 30303030 31313131 32323232 33333333 34343434 35353535 36363636 37373737 38383838 39393939 3A3A3A3A 3B3B3B3B 3C3C3C3C 3D3D3D3D 3E3E3E3E 
[TC_DEBUG]     [2048] 20202020 21212121 22222222 23232323 24242424 25252525 26262626 27272727 28282828 29292929 2A2A2A2A 2B2B2B2B 2C2C2C2C 2D2D2D2D 2E2E2E2E 2F2F2F2F 30303030 31313131 32323232 33333333 34343434 35353535 36363636 37373737 38383838 39393939 3A3A3A3A 3B3B3B3B 3C3C3C3C 3D3D3D3D 3E3E3E3E 3F3F3F3F 
[TC_DEBUG]     [2080] 20202020 21212121 22222222 23232323 24242424 25252525 26262626 27272727 28282828 29292929 2A2A2A2A 2B2B2B2B 2C2C2C2C 2D2D2D2D 2E2E2E2E 2F2F2F2F 30303030 31313131 32323232 33333333 34343434 35353535 36363636 37373737 38383838 39393939 3A3A3A3A 3B3B3B3B 3C3C3C3C 3D3D3D3D 3E3E3E3E 3F3F3F3F 
[TC_DEBUG]     [2112] 21212121 22222222 23232323 24242424 25252525 26262626 27272727 28282828 29292929 2A2A2A2A 2B2B2B2B 2C2C2C2C 2D2D2D2D 2E2E2E2E 2F2F2F2F 30303030 31313131 32323232 33333333 34343434 35353535 36363636 37373737 38383838 39393939 3A3A3A3A 3B3B3B3B 3C3C3C3C 3D3D3D3D 3E3E3E3E 3F3F3F3F 40404040 
[TC_DEBUG]     [2144] 21212121 22222222 23232323 24242424 25252525 26262626 27272727 28282828 29292929 2A2A2A2A 2B2B2B2B 2C2C2C2C 2D2D2D2D 2E2E2E2E 2F2F2F2F 30303030 31313131 32323232 33333333 34343434 35353535 36363636 37373737 38383838 39393939 3A3A3A3A 3B3B3B3B 3C3C3C3C 3D3D3D3D 3E3E3E3E 3F3F3F3F 40404040 
[TC_DEBUG]     [2176] 22222222 23232323 24242424 25252525 26262626 27272727 28282828 29292929 2A2A2A2A 2B2B2B2B 2C2C2C2C 2D2D2D2D 2E2E2E2E 2F2F2F2F 30303030 31313131 32323232 33333333 34343434 35353535 36363636 37373737 38383838 39393939 3A3A3A3A 3B3B3B3B 3C3C3C3C 3D3D3D3D 3E3E3E3E 3F3F3F3F 40404040 41414141 
[TC_DEBUG]     [2208] 22222222 23232323 24242424 25252525 26262626 27272727 28282828 29292929 2A2A2A2A 2B2B2B2B 2C2C2C2C 2D2D2D2D 2E2E2E2E 2F2F2F2F 30303030 31313131 32323232 33333333 34343434 35353535 36363636 37373737 38383838 39393939 3A3A3A3A 3B3B3B3B 3C3C3C3C 3D3D3D3D 3E3E3E3E 3F3F3F3F 40404040 41414141 
[TC_DEBUG]     [2240] 23232323 24242424 25252525 26262626 27272727 28282828 29292929 2A2A2A2A 2B2B2B2B 2C2C2C2C 2D2D2D2D 2E2E2E2E 2F2F2F2F 30303030 31313131 32323232 33333333 34343434 35353535 36363636 37373737 38383838 39393939 3A3A3A3A 3B3B3B3B 3C3C3C3C 3D3D3D3D 3E3E3E3E 3F3F3F3F 40404040 41414141 42424242 
[TC_DEBUG]     [2272] 23232323 24242424 25252525 26262626 27272727 28282828 29292929 2A2A2A2A 2B2B2B2B 2C2C2C2C 2D2D2D2D 2E2E2E2E 2F2F2F2F 30303030 31313131 32323232 33333333 34343434 35353535 36363636 37373737 38383838 39393939 3A3A3A3A 3B3B3B3B 3C3C3C3C 3D3D3D3D 3E3E3E3E 3F3F3F3F 40404040 41414141 42424242 
[TC_DEBUG]     [2304] 24242424 25252525 26262626 27272727 28282828 29292929 2A2A2A2A 2B2B2B2B 2C2C2C2C 2D2D2D2D 2E2E2E2E 2F2F2F2F 30303030 31313131 32323232 33333333 34343434 35353535 36363636 37373737 38383838 39393939 3A3A3A3A 3B3B3B3B 3C3C3C3C 3D3D3D3D 3E3E3E3E 3F3F3F3F 40404040 41414141 42424242 43434343 
[TC_DEBUG]     [2336] 24242424 25252525 26262626 27272727 28282828 29292929 2A2A2A2A 2B2B2B2B 2C2C2C2C 2D2D2D2D 2E2E2E2E 2F2F2F2F 30303030 31313131 32323232 33333333 34343434 35353535 36363636 37373737 38383838 39393939 3A3A3A3A 3B3B3B3B 3C3C3C3C 3D3D3D3D 3E3E3E3E 3F3F3F3F 40404040 41414141 42424242 43434343 
[TC_DEBUG]     [2368] 25252525 26262626 27272727 28282828 29292929 2A2A2A2A 2B2B2B2B 2C2C2C2C 2D2D2D2D 2E2E2E2E 2F2F2F2F 30303030 31313131 32323232 33333333 34343434 35353535 36363636 37373737 38383838 39393939 3A3A3A3A 3B3B3B3B 3C3C3C3C 3D3D3D3D 3E3E3E3E 3F3F3F3F 40404040 41414141 42424242 43434343 44444444 
[TC_DEBUG]     [2400] 25252525 26262626 27272727 28282828 29292929 2A2A2A2A 2B2B2B2B 2C2C2C2C 2D2D2D2D 2E2E2E2E 2F2F2F2F 30303030 31313131 32323232 33333333 34343434 35353535 36363636 37373737 38383838 39393939 3A3A3A3A 3B3B3B3B 3C3C3C3C 3D3D3D3D 3E3E3E3E 3F3F3F3F 40404040 41414141 42424242 43434343 44444444 
[TC_DEBUG]     [2432] 26262626 27272727 28282828 29292929 2A2A2A2A 2B2B2B2B 2C2C2C2C 2D2D2D2D 2E2E2E2E 2F2F2F2F 30303030 31313131 32323232 33333333 34343434 35353535 36363636 37373737 38383838 39393939 3A3A3A3A 3B3B3B3B 3C3C3C3C 3D3D3D3D 3E3E3E3E 3F3F3F3F 40404040 41414141 42424242 43434343 44444444 45454545 
[TC_DEBUG]     [2464] 26262626 27272727 28282828 29292929 2A2A2A2A 2B2B2B2B 2C2C2C2C 2D2D2D2D 2E2E2E2E 2F2F2F2F 30303030 31313131 32323232 33333333 34343434 35353535 36363636 37373737 38383838 39393939 3A3A3A3A 3B3B3B3B 3C3C3C3C 3D3D3D3D 3E3E3E3E 3F3F3F3F 40404040 41414141 42424242 43434343 44444444 45454545 
[TC_DEBUG]     [2496] 27272727 28282828 29292929 2A2A2A2A 2B2B2B2B 2C2C2C2C 2D2D2D2D 2E2E2E2E 2F2F2F2F 30303030 31313131 32323232 33333333 34343434 35353535 36363636 37373737 38383838 39393939 3A3A3A3A 3B3B3B3B 3C3C3C3C 3D3D3D3D 3E3E3E3E 3F3F3F3F 40404040 41414141 42424242 43434343 44444444 45454545 46464646 
[TC_DEBUG]     [2528] 27272727 28282828 29292929 2A2A2A2A 2B2B2B2B 2C2C2C2C 2D2D2D2D 2E2E2E2E 2F2F2F2F 30303030 31313131 32323232 33333333 34343434 35353535 36363636 37373737 38383838 39393939 3A3A3A3A 3B3B3B3B 3C3C3C3C 3D3D3D3D 3E3E3E3E 3F3F3F3F 40404040 41414141 42424242 43434343 44444444 45454545 46464646 
[TC_DEBUG]     [2560] 28282828 29292929 2A2A2A2A 2B2B2B2B 2C2C2C2C 2D2D2D2D 2E2E2E2E 2F2F2F2F 30303030 31313131 32323232 33333333 34343434 35353535 36363636 37373737 38383838 39393939 3A3A3A3A 3B3B3B3B 3C3C3C3C 3D3D3D3D 3E3E3E3E 3F3F3F3F 40404040 41414141 42424242 43434343 44444444 45454545 46464646 47474747 
[TC_DEBUG]     [2592] 28282828 29292929 2A2A2A2A 2B2B2B2B 2C2C2C2C 2D2D2D2D 2E2E2E2E 2F2F2F2F 30303030 31313131 32323232 33333333 34343434 35353535 36363636 37373737 38383838 39393939 3A3A3A3A 3B3B3B3B 3C3C3C3C 3D3D3D3D 3E3E3E3E 3F3F3F3F 40404040 41414141 42424242 43434343 44444444 45454545 46464646 47474747 
[TC_DEBUG]     [2624] 29292929 2A2A2A2A 2B2B2B2B 2C2C2C2C 2D2D2D2D 2E2E2E2E 2F2F2F2F 30303030 31313131 32323232 33333333 34343434 35353535 36363636 37373737 38383838 39393939 3A3A3A3A 3B3B3B3B 3C3C3C3C 3D3D3D3D 3E3E3E3E 3F3F3F3F 40404040 41414141 42424242 43434343 44444444 45454545 46464646 47474747 48484848 
[TC_DEBUG]     [2656] 29292929 2A2A2A2A 2B2B2B2B 2C2C2C2C 2D2D2D2D 2E2E2E2E 2F2F2F2F 30303030 31313131 32323232 33333333 34343434 35353535 36363636 37373737 38383838 39393939 3A3A3A3A 3B3B3B3B 3C3C3C3C 3D3D3D3D 3E3E3E3E 3F3F3F3F 40404040 41414141 42424242 43434343 44444444 45454545 46464646 47474747 48484848 
[TC_DEBUG]     [2688] 2A2A2A2A 2B2B2B2B 2C2C2C2C 2D2D2D2D 2E2E2E2E 2F2F2F2F 30303030 31313131 32323232 33333333 34343434 35353535 36363636 37373737 38383838 39393939 3A3A3A3A 3B3B3B3B 3C3C3C3C 3D3D3D3D 3E3E3E3E 3F3F3F3F 40404040 41414141 42424242 43434343 44444444 45454545 46464646 47474747 48484848 49494949 
[TC_DEBUG]     [2720] 2A2A2A2A 2B2B2B2B 2C2C2C2C 2D2D2D2D 2E2E2E2E 2F2F2F2F 30303030 31313131 32323232 33333333 34343434 35353535 36363636 37373737 38383838 39393939 3A3A3A3A 3B3B3B3B 3C3C3C3C 3D3D3D3D 3E3E3E3E 3F3F3F3F 40404040 41414141 42424242 43434343 44444444 45454545 46464646 47474747 48484848 49494949 
[TC_DEBUG]     [2752] 2B2B2B2B 2C2C2C2C 2D2D2D2D 2E2E2E2E 2F2F2F2F 30303030 31313131 32323232 33333333 34343434 35353535 36363636 37373737 38383838 39393939 3A3A3A3A 3B3B3B3B 3C3C3C3C 3D3D3D3D 3E3E3E3E 3F3F3F3F 40404040 41414141 42424242 43434343 44444444 45454545 46464646 47474747 48484848 49494949 4A4A4A4A 
[TC_DEBUG]     [2784] 2B2B2B2B 2C2C2C2C 2D2D2D2D 2E2E2E2E 2F2F2F2F 30303030 31313131 32323232 33333333 34343434 35353535 36363636 37373737 38383838 39393939 3A3A3A3A 3B3B3B3B 3C3C3C3C 3D3D3D3D 3E3E3E3E 3F3F3F3F 40404040 41414141 42424242 43434343 44444444 45454545 46464646 47474747 48484848 49494949 4A4A4A4A 
[TC_DEBUG]     [2816] 2C2C2C2C 2D2D2D2D 2E2E2E2E 2F2F2F2F 30303030 31313131 32323232 33333333 34343434 35353535 36363636 37373737 38383838 39393939 3A3A3A3A 3B3B3B3B 3C3C3C3C 3D3D3D3D 3E3E3E3E 3F3F3F3F 40404040 41414141 42424242 43434343 44444444 45454545 46464646 47474747 48484848 49494949 4A4A4A4A 4B4B4B4B 
[TC_DEBUG]     [2848] 2C2C2C2C 2D2D2D2D 2E2E2E2E 2F2F2F2F 30303030 31313131 32323232 33333333 34343434 35353535 36363636 37373737 38383838 39393939 3A3A3A3A 3B3B3B3B 3C3C3C3C 3D3D3D3D 3E3E3E3E 3F3F3F3F 40404040 41414141 42424242 43434343 44444444 45454545 46464646 47474747 48484848 49494949 4A4A4A4A 4B4B4B4B 
[TC_DEBUG]     [2880] 2D2D2D2D 2E2E2E2E 2F2F2F2F 30303030 31313131 32323232 33333333 34343434 35353535 36363636 37373737 38383838 39393939 3A3A3A3A 3B3B3B3B 3C3C3C3C 3D3D3D3D 3E3E3E3E 3F3F3F3F 40404040 41414141 42424242 43434343 44444444 45454545 46464646 47474747 48484848 49494949 4A4A4A4A 4B4B4B4B 4C4C4C4C 
[TC_DEBUG]     [2912] 2D2D2D2D 2E2E2E2E 2F2F2F2F 30303030 31313131 32323232 33333333 34343434 35353535 36363636 37373737 38383838 39393939 3A3A3A3A 3B3B3B3B 3C3C3C3C 3D3D3D3D 3E3E3E3E 3F3F3F3F 40404040 41414141 42424242 43434343 44444444 45454545 46464646 47474747 48484848 49494949 4A4A4A4A 4B4B4B4B 4C4C4C4C 
[TC_DEBUG]     [2944] 2E2E2E2E 2F2F2F2F 30303030 31313131 32323232 33333333 34343434 35353535 36363636 37373737 38383838 39393939 3A3A3A3A 3B3B3B3B 3C3C3C3C 3D3D3D3D 3E3E3E3E 3F3F3F3F 40404040 41414141 42424242 43434343 44444444 45454545 46464646 47474747 48484848 49494949 4A4A4A4A 4B4B4B4B 4C4C4C4C 4D4D4D4D 
[TC_DEBUG]     [2976] 2E2E2E2E 2F2F2F2F 30303030 31313131 32323232 33333333 34343434 35353535 36363636 37373737 38383838 39393939 3A3A3A3A 3B3B3B3B 3C3C3C3C 3D3D3D3D 3E3E3E3E 3F3F3F3F 40404040 41414141 42424242 43434343 44444444 45454545 46464646 47474747 48484848 49494949 4A4A4A4A 4B4B4B4B 4C4C4C4C 4D4D4D4D 
[TC_DEBUG]     [3008] 2F2F2F2F 30303030 31313131 32323232 33333333 34343434 35353535 36363636 37373737 38383838 39393939 3A3A3A3A 3B3B3B3B 3C3C3C3C 3D3D3D3D 3E3E3E3E 3F3F3F3F 40404040 41414141 42424242 43434343 44444444 45454545 46464646 47474747 48484848 49494949 4A4A4A4A 4B4B4B4B 4C4C4C4C 4D4D4D4D 4E4E4E4E 
[TC_DEBUG]     [3040] 2F2F2F2F 30303030 31313131 32323232 33333333 34343434 35353535 36363636 37373737 38383838 39393939 3A3A3A3A 3B3B3B3B 3C3C3C3C 3D3D3D3D 3E3E3E3E 3F3F3F3F 40404040 41414141 42424242 43434343 44444444 45454545 46464646 47474747 48484848 49494949 4A4A4A4A 4B4B4B4B 4C4C4C4C 4D4D4D4D 4E4E4E4E 
[TC_DEBUG]     [3072] 30303030 31313131 32323232 33333333 34343434 35353535 36363636 37373737 38383838 39393939 3A3A3A3A 3B3B3B3B 3C3C3C3C 3D3D3D3D 3E3E3E3E 3F3F3F3F 40404040 41414141 42424242 43434343 44444444 45454545 46464646 47474747 48484848 49494949 4A4A4A4A 4B4B4B4B 4C4C4C4C 4D4D4D4D 4E4E4E4E 4F4F4F4F 
[TC_DEBUG]     [3104] 30303030 31313131 32323232 33333333 34343434 35353535 36363636 37373737 38383838 39393939 3A3A3A3A 3B3B3B3B 3C3C3C3C 3D3D3D3D 3E3E3E3E 3F3F3F3F 40404040 41414141 42424242 43434343 44444444 45454545 46464646 47474747 48484848 49494949 4A4A4A4A 4B4B4B4B 4C4C4C4C 4D4D4D4D 4E4E4E4E 4F4F4F4F 
[TC_DEBUG]     [3136] 31313131 32323232 33333333 34343434 35353535 36363636 37373737 38383838 39393939 3A3A3A3A 3B3B3B3B 3C3C3C3C 3D3D3D3D 3E3E3E3E 3F3F3F3F 40404040 41414141 42424242 43434343 44444444 45454545 46464646 47474747 48484848 49494949 4A4A4A4A 4B4B4B4B 4C4C4C4C 4D4D4D4D 4E4E4E4E 4F4F4F4F 50505050 
[TC_DEBUG]     [3168] 31313131 32323232 33333333 34343434 35353535 36363636 37373737 38383838 39393939 3A3A3A3A 3B3B3B3B 3C3C3C3C 3D3D3D3D 3E3E3E3E 3F3F3F3F 40404040 41414141 42424242 43434343 44444444 45454545 46464646 47474747 48484848 49494949 4A4A4A4A 4B4B4B4B 4C4C4C4C 4D4D4D4D 4E4E4E4E 4F4F4F4F 50505050 
[TC_DEBUG]     [3200] 32323232 33333333 34343434 35353535 36363636 37373737 38383838 39393939 3A3A3A3A 3B3B3B3B 3C3C3C3C 3D3D3D3D 3E3E3E3E 3F3F3F3F 40404040 41414141 42424242 43434343 44444444 45454545 46464646 47474747 48484848 49494949 4A4A4A4A 4B4B4B4B 4C4C4C4C 4D4D4D4D 4E4E4E4E 4F4F4F4F 50505050 51515151 
[TC_DEBUG]     [3232] 32323232 33333333 34343434 35353535 36363636 37373737 38383838 39393939 3A3A3A3A 3B3B3B3B 3C3C3C3C 3D3D3D3D 3E3E3E3E 3F3F3F3F 40404040 41414141 42424242 43434343 44444444 45454545 46464646 47474747 48484848 49494949 4A4A4A4A 4B4B4B4B 4C4C4C4C 4D4D4D4D 4E4E4E4E 4F4F4F4F 50505050 51515151 
[TC_DEBUG]     [3264] 33333333 34343434 35353535 36363636 37373737 38383838 39393939 3A3A3A3A 3B3B3B3B 3C3C3C3C 3D3D3D3D 3E3E3E3E 3F3F3F3F 40404040 41414141 42424242 43434343 44444444 45454545 46464646 47474747 48484848 49494949 4A4A4A4A 4B4B4B4B 4C4C4C4C 4D4D4D4D 4E4E4E4E 4F4F4F4F 50505050 51515151 52525252 
[TC_DEBUG]     [3296] 33333333 34343434 35353535 36363636 37373737 38383838 39393939 3A3A3A3A 3B3B3B3B 3C3C3C3C 3D3D3D3D 3E3E3E3E 3F3F3F3F 40404040 41414141 42424242 43434343 44444444 45454545 46464646 47474747 48484848 49494949 4A4A4A4A 4B4B4B4B 4C4C4C4C 4D4D4D4D 4E4E4E4E 4F4F4F4F 50505050 51515151 52525252 
[TC_DEBUG]     [3328] 34343434 35353535 36363636 37373737 38383838 39393939 3A3A3A3A 3B3B3B3B 3C3C3C3C 3D3D3D3D 3E3E3E3E 3F3F3F3F 40404040 41414141 42424242 43434343 44444444 45454545 46464646 47474747 48484848 49494949 4A4A4A4A 4B4B4B4B 4C4C4C4C 4D4D4D4D 4E4E4E4E 4F4F4F4F 50505050 51515151 52525252 53535353 
[TC_DEBUG]     [3360] 34343434 35353535 36363636 37373737 38383838 39393939 3A3A3A3A 3B3B3B3B 3C3C3C3C 3D3D3D3D 3E3E3E3E 3F3F3F3F 40404040 41414141 42424242 43434343 44444444 45454545 46464646 47474747 48484848 49494949 4A4A4A4A 4B4B4B4B 4C4C4C4C 4D4D4D4D 4E4E4E4E 4F4F4F4F 50505050 51515151 52525252 53535353 
[TC_DEBUG]     [3392] 35353535 36363636 37373737 38383838 39393939 3A3A3A3A 3B3B3B3B 3C3C3C3C 3D3D3D3D 3E3E3E3E 3F3F3F3F 40404040 41414141 42424242 43434343 44444444 45454545 46464646 47474747 48484848 49494949 4A4A4A4A 4B4B4B4B 4C4C4C4C 4D4D4D4D 4E4E4E4E 4F4F4F4F 50505050 51515151 52525252 53535353 54545454 
[TC_DEBUG]     [3424] 35353535 36363636 37373737 38383838 39393939 3A3A3A3A 3B3B3B3B 3C3C3C3C 3D3D3D3D 3E3E3E3E 3F3F3F3F 40404040 41414141 42424242 43434343 44444444 45454545 46464646 47474747 48484848 49494949 4A4A4A4A 4B4B4B4B 4C4C4C4C 4D4D4D4D 4E4E4E4E 4F4F4F4F 50505050 51515151 52525252 53535353 54545454 
[TC_DEBUG]     [3456] 36363636 37373737 38383838 39393939 3A3A3A3A 3B3B3B3B 3C3C3C3C 3D3D3D3D 3E3E3E3E 3F3F3F3F 40404040 41414141 42424242 43434343 44444444 45454545 46464646 47474747 48484848 49494949 4A4A4A4A 4B4B4B4B 4C4C4C4C 4D4D4D4D 4E4E4E4E 4F4F4F4F 50505050 51515151 52525252 53535353 54545454 55555555 
[TC_DEBUG]     [3488] 36363636 37373737 38383838 39393939 3A3A3A3A 3B3B3B3B 3C3C3C3C 3D3D3D3D 3E3E3E3E 3F3F3F3F 40404040 41414141 42424242 43434343 44444444 45454545 46464646 47474747 48484848 49494949 4A4A4A4A 4B4B4B4B 4C4C4C4C 4D4D4D4D 4E4E4E4E 4F4F4F4F 50505050 51515151 52525252 53535353 54545454 55555555 
[TC_DEBUG]     [3520] 37373737 38383838 39393939 3A3A3A3A 3B3B3B3B 3C3C3C3C 3D3D3D3D 3E3E3E3E 3F3F3F3F 40404040 41414141 42424242 43434343 44444444 45454545 46464646 47474747 48484848 49494949 4A4A4A4A 4B4B4B4B 4C4C4C4C 4D4D4D4D 4E4E4E4E 4F4F4F4F 50505050 51515151 52525252 53535353 54545454 55555555 56565656 
[TC_DEBUG]     [3552] 37373737 38383838 39393939 3A3A3A3A 3B3B3B3B 3C3C3C3C 3D3D3D3D 3E3E3E3E 3F3F3F3F 40404040 41414141 42424242 43434343 44444444 45454545 46464646 47474747 48484848 49494949 4A4A4A4A 4B4B4B4B 4C4C4C4C 4D4D4D4D 4E4E4E4E 4F4F4F4F 50505050 51515151 52525252 53535353 54545454 55555555 56565656 
[TC_DEBUG]     [3584] 38383838 39393939 3A3A3A3A 3B3B3B3B 3C3C3C3C 3D3D3D3D 3E3E3E3E 3F3F3F3F 40404040 41414141 42424242 43434343 44444444 45454545 46464646 47474747 48484848 49494949 4A4A4A4A 4B4B4B4B 4C4C4C4C 4D4D4D4D 4E4E4E4E 4F4F4F4F 50505050 51515151 52525252 53535353 54545454 55555555 56565656 57575757 
[TC_DEBUG]     [3616] 38383838 39393939 3A3A3A3A 3B3B3B3B 3C3C3C3C 3D3D3D3D 3E3E3E3E 3F3F3F3F 40404040 41414141 42424242 43434343 44444444 45454545 46464646 47474747 48484848 49494949 4A4A4A4A 4B4B4B4B 4C4C4C4C 4D4D4D4D 4E4E4E4E 4F4F4F4F 50505050 51515151 52525252 53535353 54545454 55555555 56565656 57575757 
[TC_DEBUG]     [3648] 39393939 3A3A3A3A 3B3B3B3B 3C3C3C3C 3D3D3D3D 3E3E3E3E 3F3F3F3F 40404040 41414141 42424242 43434343 44444444 45454545 46464646 47474747 48484848 49494949 4A4A4A4A 4B4B4B4B 4C4C4C4C 4D4D4D4D 4E4E4E4E 4F4F4F4F 50505050 51515151 52525252 53535353 54545454 55555555 56565656 57575757 58585858 
[TC_DEBUG]     [3680] 39393939 3A3A3A3A 3B3B3B3B 3C3C3C3C 3D3D3D3D 3E3E3E3E 3F3F3F3F 40404040 41414141 42424242 43434343 44444444 45454545 46464646 47474747 48484848 49494949 4A4A4A4A 4B4B4B4B 4C4C4C4C 4D4D4D4D 4E4E4E4E 4F4F4F4F 50505050 51515151 52525252 53535353 54545454 55555555 56565656 57575757 58585858 
[TC_DEBUG]     [3712] 3A3A3A3A 3B3B3B3B 3C3C3C3C 3D3D3D3D 3E3E3E3E 3F3F3F3F 40404040 41414141 42424242 43434343 44444444 45454545 46464646 47474747 48484848 49494949 4A4A4A4A 4B4B4B4B 4C4C4C4C 4D4D4D4D 4E4E4E4E 4F4F4F4F 50505050 51515151 52525252 53535353 54545454 55555555 56565656 57575757 58585858 59595959 
[TC_DEBUG]     [3744] 3A3A3A3A 3B3B3B3B 3C3C3C3C 3D3D3D3D 3E3E3E3E 3F3F3F3F 40404040 41414141 42424242 43434343 44444444 45454545 46464646 47474747 48484848 49494949 4A4A4A4A 4B4B4B4B 4C4C4C4C 4D4D4D4D 4E4E4E4E 4F4F4F4F 50505050 51515151 52525252 53535353 54545454 55555555 56565656 57575757 58585858 59595959 
[TC_DEBUG]     [3776] 3B3B3B3B 3C3C3C3C 3D3D3D3D 3E3E3E3E 3F3F3F3F 40404040 41414141 42424242 43434343 44444444 45454545 46464646 47474747 48484848 49494949 4A4A4A4A 4B4B4B4B 4C4C4C4C 4D4D4D4D 4E4E4E4E 4F4F4F4F 50505050 51515151 52525252 53535353 54545454 55555555 56565656 57575757 58585858 59595959 5A5A5A5A 
[TC_DEBUG]     [3808] 3B3B3B3B 3C3C3C3C 3D3D3D3D 3E3E3E3E 3F3F3F3F 40404040 41414141 42424242 43434343 44444444 45454545 46464646 47474747 48484848 49494949 4A4A4A4A 4B4B4B4B 4C4C4C4C 4D4D4D4D 4E4E4E4E 4F4F4F4F 50505050 51515151 52525252 53535353 54545454 55555555 56565656 57575757 58585858 59595959 5A5A5A5A 
[TC_DEBUG]     [3840] 3C3C3C3C 3D3D3D3D 3E3E3E3E 3F3F3F3F 40404040 41414141 42424242 43434343 44444444 45454545 46464646 47474747 48484848 49494949 4A4A4A4A 4B4B4B4B 4C4C4C4C 4D4D4D4D 4E4E4E4E 4F4F4F4F 50505050 51515151 52525252 53535353 54545454 55555555 56565656 57575757 58585858 59595959 5A5A5A5A 5B5B5B5B 
[TC_DEBUG]     [3872] 3C3C3C3C 3D3D3D3D 3E3E3E3E 3F3F3F3F 40404040 41414141 42424242 43434343 44444444 45454545 46464646 47474747 48484848 49494949 4A4A4A4A 4B4B4B4B 4C4C4C4C 4D4D4D4D 4E4E4E4E 4F4F4F4F 50505050 51515151 52525252 53535353 54545454 55555555 56565656 57575757 58585858 59595959 5A5A5A5A 5B5B5B5B 
[TC_DEBUG]     [3904] 3D3D3D3D 3E3E3E3E 3F3F3F3F 40404040 41414141 42424242 43434343 44444444 45454545 46464646 47474747 48484848 49494949 4A4A4A4A 4B4B4B4B 4C4C4C4C 4D4D4D4D 4E4E4E4E 4F4F4F4F 50505050 51515151 52525252 53535353 54545454 55555555 56565656 57575757 58585858 59595959 5A5A5A5A 5B5B5B5B 5C5C5C5C 
[TC_DEBUG]     [3936] 3D3D3D3D 3E3E3E3E 3F3F3F3F 40404040 41414141 42424242 43434343 44444444 45454545 46464646 47474747 48484848 49494949 4A4A4A4A 4B4B4B4B 4C4C4C4C 4D4D4D4D 4E4E4E4E 4F4F4F4F 50505050 51515151 52525252 53535353 54545454 55555555 56565656 57575757 58585858 59595959 5A5A5A5A 5B5B5B5B 5C5C5C5C 
[TC_DEBUG]     [3968] 3E3E3E3E 3F3F3F3F 40404040 41414141 42424242 43434343 44444444 45454545 46464646 47474747 48484848 49494949 4A4A4A4A 4B4B4B4B 4C4C4C4C 4D4D4D4D 4E4E4E4E 4F4F4F4F 50505050 51515151 52525252 53535353 54545454 55555555 56565656 57575757 58585858 59595959 5A5A5A5A 5B5B5B5B 5C5C5C5C 5D5D5D5D 
[TC_DEBUG]     [4000] 3E3E3E3E 3F3F3F3F 40404040 41414141 42424242 43434343 44444444 45454545 46464646 47474747 48484848 49494949 4A4A4A4A 4B4B4B4B 4C4C4C4C 4D4D4D4D 4E4E4E4E 4F4F4F4F 50505050 51515151 52525252 53535353 54545454 55555555 56565656 57575757 58585858 59595959 5A5A5A5A 5B5B5B5B 5C5C5C5C 5D5D5D5D 
[TC_DEBUG]     [4032] 3F3F3F3F 40404040 41414141 42424242 43434343 44444444 45454545 46464646 47474747 48484848 49494949 4A4A4A4A 4B4B4B4B 4C4C4C4C 4D4D4D4D 4E4E4E4E 4F4F4F4F 50505050 51515151 52525252 53535353 54545454 55555555 56565656 57575757 58585858 59595959 5A5A5A5A 5B5B5B5B 5C5C5C5C 5D5D5D5D 5E5E5E5E 
[TC_DEBUG]     [4064] 3F3F3F3F 40404040 41414141 42424242 43434343 44444444 45454545 46464646 47474747 48484848 49494949 4A4A4A4A 4B4B4B4B 4C4C4C4C 4D4D4D4D 4E4E4E4E 4F4F4F4F 50505050 51515151 52525252 53535353 54545454 55555555 56565656 57575757 58585858 59595959 5A5A5A5A 5B5B5B5B 5C5C5C5C 5D5D5D5D 5E5E5E5E 
Test 2 completed

======================================================================
All tc.st.add tests completed!
======================================================================
PASS PC=0x800026d0 cycles=29986 instret=19598 ipc=0.6536
