
        SystemC 3.0.1-Accellera --- Oct 15 2024 13:47:45
        Copyright (c) 1996-2024 by all Contributors,
        ALL RIGHTS RESERVED
======================================================================
TensorComp t.merge.1B ISA Test
======================================================================

Instruction: t.merge.1B - Merge at 128-byte granularity
Syntax: t.merge.1B trd, trs1, trs2, rs1

Config (rs1): 8 x 4-bit fields
  Each field: {reg_id(1), index_id(3)}
  reg_id: 0=trs1, 1=trs2
  index_id: which 128-byte block (0-7)

--- Loading data into TC registers using t.ld ---
Loading trs1_data (0x40001400) into tr1
[TC] t.ld             PC=0x80000798  Encoding=0x000900DB
[TC_DEBUG] t.ld: trd=1, imm10=0, rs1v=0x40001400
[TC_DEBUG]   CSR tmask_ld=0x000000FF, twidth_ld=1024
[TC_DEBUG]   base_addr = rs1v + imm10 * twidth_ld = 0x40001400 + 0 * 1024 = 0x40001400
[TC_DEBUG]   toffset_ld[0..7] = {0, 128, 256, 384, 512, 640, 768, 896}
[TC_DEBUG]   Load[0]: addr=0x40001400 -> tr1[0:127]
[TC_DEBUG]   Load[1]: addr=0x40001480 -> tr1[128:255]
[TC_DEBUG]   Load[2]: addr=0x40001500 -> tr1[256:383]
[TC_DEBUG]   Load[3]: addr=0x40001580 -> tr1[384:511]
[TC_DEBUG]   Load[4]: addr=0x40001600 -> tr1[512:639]
[TC_DEBUG]   Load[5]: addr=0x40001680 -> tr1[640:767]
[TC_DEBUG]   Load[6]: addr=0x40001700 -> tr1[768:895]
[TC_DEBUG]   Load[7]: addr=0x40001780 -> tr1[896:1023]
[TC_DEBUG]   tr1 = 
10 11 12 13 10 11 12 13 10 11 12 13 10 11 12 13 10 11 12 13 10 11 12 13 10 11 12 13 10 11 12 13 10 11 12 13 10 11 12 13 10 11 12 13 10 11 12 13 10 11 12 13 10 11 12 13 10 11 12 13 10 11 12 13 10 11 12 13 10 11 12 13 10 11 12 13 10 11 12 13 10 11 12 13 10 11 12 13 10 11 12 13 10 11 12 13 10 11 12 13 10 11 12 13 10 11 12 13 10 11 12 13 10 11 12 13 10 11 12 13 10 11 12 13 10 11 12 13 
10 11 12 13 10 11 12 13 10 11 12 13 10 11 12 13 10 11 12 13 10 11 12 13 10 11 12 13 10 11 12 13 10 11 12 13 10 11 12 13 10 11 12 13 10 11 12 13 10 11 12 13 10 11 12 13 10 11 12 13 10 11 12 13 10 11 12 13 10 11 12 13 10 11 12 13 10 11 12 13 10 11 12 13 10 11 12 13 10 11 12 13 10 11 12 13 10 11 12 13 10 11 12 13 10 11 12 13 10 11 12 13 10 11 12 13 10 11 12 13 10 11 12 13 10 11 12 13 
10 11 12 13 10 11 12 13 10 11 12 13 10 11 12 13 10 11 12 13 10 11 12 13 10 11 12 13 10 11 12 13 10 11 12 13 10 11 12 13 10 11 12 13 10 11 12 13 10 11 12 13 10 11 12 13 10 11 12 13 10 11 12 13 10 11 12 13 10 11 12 13 10 11 12 13 10 11 12 13 10 11 12 13 10 11 12 13 10 11 12 13 10 11 12 13 10 11 12 13 10 11 12 13 10 11 12 13 10 11 12 13 10 11 12 13 10 11 12 13 10 11 12 13 10 11 12 13 
10 11 12 13 10 11 12 13 10 11 12 13 10 11 12 13 10 11 12 13 10 11 12 13 10 11 12 13 10 11 12 13 10 11 12 13 10 11 12 13 10 11 12 13 10 11 12 13 10 11 12 13 10 11 12 13 10 11 12 13 10 11 12 13 10 11 12 13 10 11 12 13 10 11 12 13 10 11 12 13 10 11 12 13 10 11 12 13 10 11 12 13 10 11 12 13 10 11 12 13 10 11 12 13 10 11 12 13 10 11 12 13 10 11 12 13 10 11 12 13 10 11 12 13 10 11 12 13 
10 11 12 13 10 11 12 13 10 11 12 13 10 11 12 13 10 11 12 13 10 11 12 13 10 11 12 13 10 11 12 13 10 11 12 13 10 11 12 13 10 11 12 13 10 11 12 13 10 11 12 13 10 11 12 13 10 11 12 13 10 11 12 13 10 11 12 13 10 11 12 13 10 11 12 13 10 11 12 13 10 11 12 13 10 11 12 13 10 11 12 13 10 11 12 13 10 11 12 13 10 11 12 13 10 11 12 13 10 11 12 13 10 11 12 13 10 11 12 13 10 11 12 13 10 11 12 13 
10 11 12 13 10 11 12 13 10 11 12 13 10 11 12 13 10 11 12 13 10 11 12 13 10 11 12 13 10 11 12 13 10 11 12 13 10 11 12 13 10 11 12 13 10 11 12 13 10 11 12 13 10 11 12 13 10 11 12 13 10 11 12 13 10 11 12 13 10 11 12 13 10 11 12 13 10 11 12 13 10 11 12 13 10 11 12 13 10 11 12 13 10 11 12 13 10 11 12 13 10 11 12 13 10 11 12 13 10 11 12 13 10 11 12 13 10 11 12 13 10 11 12 13 10 11 12 13 
10 11 12 13 10 11 12 13 10 11 12 13 10 11 12 13 10 11 12 13 10 11 12 13 10 11 12 13 10 11 12 13 10 11 12 13 10 11 12 13 10 11 12 13 10 11 12 13 10 11 12 13 10 11 12 13 10 11 12 13 10 11 12 13 10 11 12 13 10 11 12 13 10 11 12 13 10 11 12 13 10 11 12 13 10 11 12 13 10 11 12 13 10 11 12 13 10 11 12 13 10 11 12 13 10 11 12 13 10 11 12 13 10 11 12 13 10 11 12 13 10 11 12 13 10 11 12 13 
10 11 12 13 10 11 12 13 10 11 12 13 10 11 12 13 10 11 12 13 10 11 12 13 10 11 12 13 10 11 12 13 10 11 12 13 10 11 12 13 10 11 12 13 10 11 12 13 10 11 12 13 10 11 12 13 10 11 12 13 10 11 12 13 10 11 12 13 10 11 12 13 10 11 12 13 10 11 12 13 10 11 12 13 10 11 12 13 10 11 12 13 10 11 12 13 10 11 12 13 10 11 12 13 10 11 12 13 10 11 12 13 10 11 12 13 10 11 12 13 10 11 12 13 10 11 12 13 
[TC_DEBUG]   Total bytes loaded: 1024
Loading trs2_data (0x40001800) into tr2
[TC] t.ld             PC=0x800007B4  Encoding=0x0009015B
[TC_DEBUG] t.ld: trd=2, imm10=0, rs1v=0x40001800
[TC_DEBUG]   CSR tmask_ld=0x000000FF, twidth_ld=1024
[TC_DEBUG]   base_addr = rs1v + imm10 * twidth_ld = 0x40001800 + 0 * 1024 = 0x40001800
[TC_DEBUG]   toffset_ld[0..7] = {0, 128, 256, 384, 512, 640, 768, 896}
[TC_DEBUG]   Load[0]: addr=0x40001800 -> tr2[0:127]
[TC_DEBUG]   Load[1]: addr=0x40001880 -> tr2[128:255]
[TC_DEBUG]   Load[2]: addr=0x40001900 -> tr2[256:383]
[TC_DEBUG]   Load[3]: addr=0x40001980 -> tr2[384:511]
[TC_DEBUG]   Load[4]: addr=0x40001A00 -> tr2[512:639]
[TC_DEBUG]   Load[5]: addr=0x40001A80 -> tr2[640:767]
[TC_DEBUG]   Load[6]: addr=0x40001B00 -> tr2[768:895]
[TC_DEBUG]   Load[7]: addr=0x40001B80 -> tr2[896:1023]
[TC_DEBUG]   tr2 = 
20 21 22 23 20 21 22 23 20 21 22 23 20 21 22 23 20 21 22 23 20 21 22 23 20 21 22 23 20 21 22 23 20 21 22 23 20 21 22 23 20 21 22 23 20 21 22 23 20 21 22 23 20 21 22 23 20 21 22 23 20 21 22 23 20 21 22 23 20 21 22 23 20 21 22 23 20 21 22 23 20 21 22 23 20 21 22 23 20 21 22 23 20 21 22 23 20 21 22 23 20 21 22 23 20 21 22 23 20 21 22 23 20 21 22 23 20 21 22 23 20 21 22 23 20 21 22 23 
20 21 22 23 20 21 22 23 20 21 22 23 20 21 22 23 20 21 22 23 20 21 22 23 20 21 22 23 20 21 22 23 20 21 22 23 20 21 22 23 20 21 22 23 20 21 22 23 20 21 22 23 20 21 22 23 20 21 22 23 20 21 22 23 20 21 22 23 20 21 22 23 20 21 22 23 20 21 22 23 20 21 22 23 20 21 22 23 20 21 22 23 20 21 22 23 20 21 22 23 20 21 22 23 20 21 22 23 20 21 22 23 20 21 22 23 20 21 22 23 20 21 22 23 20 21 22 23 
20 21 22 23 20 21 22 23 20 21 22 23 20 21 22 23 20 21 22 23 20 21 22 23 20 21 22 23 20 21 22 23 20 21 22 23 20 21 22 23 20 21 22 23 20 21 22 23 20 21 22 23 20 21 22 23 20 21 22 23 20 21 22 23 20 21 22 23 20 21 22 23 20 21 22 23 20 21 22 23 20 21 22 23 20 21 22 23 20 21 22 23 20 21 22 23 20 21 22 23 20 21 22 23 20 21 22 23 20 21 22 23 20 21 22 23 20 21 22 23 20 21 22 23 20 21 22 23 
20 21 22 23 20 21 22 23 20 21 22 23 20 21 22 23 20 21 22 23 20 21 22 23 20 21 22 23 20 21 22 23 20 21 22 23 20 21 22 23 20 21 22 23 20 21 22 23 20 21 22 23 20 21 22 23 20 21 22 23 20 21 22 23 20 21 22 23 20 21 22 23 20 21 22 23 20 21 22 23 20 21 22 23 20 21 22 23 20 21 22 23 20 21 22 23 20 21 22 23 20 21 22 23 20 21 22 23 20 21 22 23 20 21 22 23 20 21 22 23 20 21 22 23 20 21 22 23 
20 21 22 23 20 21 22 23 20 21 22 23 20 21 22 23 20 21 22 23 20 21 22 23 20 21 22 23 20 21 22 23 20 21 22 23 20 21 22 23 20 21 22 23 20 21 22 23 20 21 22 23 20 21 22 23 20 21 22 23 20 21 22 23 20 21 22 23 20 21 22 23 20 21 22 23 20 21 22 23 20 21 22 23 20 21 22 23 20 21 22 23 20 21 22 23 20 21 22 23 20 21 22 23 20 21 22 23 20 21 22 23 20 21 22 23 20 21 22 23 20 21 22 23 20 21 22 23 
20 21 22 23 20 21 22 23 20 21 22 23 20 21 22 23 20 21 22 23 20 21 22 23 20 21 22 23 20 21 22 23 20 21 22 23 20 21 22 23 20 21 22 23 20 21 22 23 20 21 22 23 20 21 22 23 20 21 22 23 20 21 22 23 20 21 22 23 20 21 22 23 20 21 22 23 20 21 22 23 20 21 22 23 20 21 22 23 20 21 22 23 20 21 22 23 20 21 22 23 20 21 22 23 20 21 22 23 20 21 22 23 20 21 22 23 20 21 22 23 20 21 22 23 20 21 22 23 
20 21 22 23 20 21 22 23 20 21 22 23 20 21 22 23 20 21 22 23 20 21 22 23 20 21 22 23 20 21 22 23 20 21 22 23 20 21 22 23 20 21 22 23 20 21 22 23 20 21 22 23 20 21 22 23 20 21 22 23 20 21 22 23 20 21 22 23 20 21 22 23 20 21 22 23 20 21 22 23 20 21 22 23 20 21 22 23 20 21 22 23 20 21 22 23 20 21 22 23 20 21 22 23 20 21 22 23 20 21 22 23 20 21 22 23 20 21 22 23 20 21 22 23 20 21 22 23 
20 21 22 23 20 21 22 23 20 21 22 23 20 21 22 23 20 21 22 23 20 21 22 23 20 21 22 23 20 21 22 23 20 21 22 23 20 21 22 23 20 21 22 23 20 21 22 23 20 21 22 23 20 21 22 23 20 21 22 23 20 21 22 23 20 21 22 23 20 21 22 23 20 21 22 23 20 21 22 23 20 21 22 23 20 21 22 23 20 21 22 23 20 21 22 23 20 21 22 23 20 21 22 23 20 21 22 23 20 21 22 23 20 21 22 23 20 21 22 23 20 21 22 23 20 21 22 23 
[TC_DEBUG]   Total bytes loaded: 1024
--- TC registers loaded ---


=== Test 1: t.merge.1B all blocks from trs1 ===
Config: 0x00003210
  Block[0]: reg_id=0, index_id=0
  Block[1]: reg_id=0, index_id=1
  Block[2]: reg_id=0, index_id=2
  Block[3]: reg_id=0, index_id=3
  Block[4]: reg_id=0, index_id=0
  Block[5]: reg_id=0, index_id=0
  Block[6]: reg_id=0, index_id=0
  Block[7]: reg_id=0, index_id=0
Expected: tr0 = copy of tr1 (all 0x11)
[TC] t.merge.1b       PC=0x80000268  Encoding=0x1014305B
[TC_DEBUG] t.merge.1B: tr0 = 
10 11 12 13 10 11 12 13 10 11 12 13 10 11 12 13 10 11 12 13 10 11 12 13 10 11 12 13 10 11 12 13 10 11 12 13 10 11 12 13 10 11 12 13 10 11 12 13 10 11 12 13 10 11 12 13 10 11 12 13 10 11 12 13 10 11 12 13 10 11 12 13 10 11 12 13 10 11 12 13 10 11 12 13 10 11 12 13 10 11 12 13 10 11 12 13 10 11 12 13 10 11 12 13 10 11 12 13 10 11 12 13 10 11 12 13 10 11 12 13 10 11 12 13 10 11 12 13 
10 11 12 13 10 11 12 13 10 11 12 13 10 11 12 13 10 11 12 13 10 11 12 13 10 11 12 13 10 11 12 13 10 11 12 13 10 11 12 13 10 11 12 13 10 11 12 13 10 11 12 13 10 11 12 13 10 11 12 13 10 11 12 13 10 11 12 13 10 11 12 13 10 11 12 13 10 11 12 13 10 11 12 13 10 11 12 13 10 11 12 13 10 11 12 13 10 11 12 13 10 11 12 13 10 11 12 13 10 11 12 13 10 11 12 13 10 11 12 13 10 11 12 13 10 11 12 13 
10 11 12 13 10 11 12 13 10 11 12 13 10 11 12 13 10 11 12 13 10 11 12 13 10 11 12 13 10 11 12 13 10 11 12 13 10 11 12 13 10 11 12 13 10 11 12 13 10 11 12 13 10 11 12 13 10 11 12 13 10 11 12 13 10 11 12 13 10 11 12 13 10 11 12 13 10 11 12 13 10 11 12 13 10 11 12 13 10 11 12 13 10 11 12 13 10 11 12 13 10 11 12 13 10 11 12 13 10 11 12 13 10 11 12 13 10 11 12 13 10 11 12 13 10 11 12 13 
10 11 12 13 10 11 12 13 10 11 12 13 10 11 12 13 10 11 12 13 10 11 12 13 10 11 12 13 10 11 12 13 10 11 12 13 10 11 12 13 10 11 12 13 10 11 12 13 10 11 12 13 10 11 12 13 10 11 12 13 10 11 12 13 10 11 12 13 10 11 12 13 10 11 12 13 10 11 12 13 10 11 12 13 10 11 12 13 10 11 12 13 10 11 12 13 10 11 12 13 10 11 12 13 10 11 12 13 10 11 12 13 10 11 12 13 10 11 12 13 10 11 12 13 10 11 12 13 
10 11 12 13 10 11 12 13 10 11 12 13 10 11 12 13 10 11 12 13 10 11 12 13 10 11 12 13 10 11 12 13 10 11 12 13 10 11 12 13 10 11 12 13 10 11 12 13 10 11 12 13 10 11 12 13 10 11 12 13 10 11 12 13 10 11 12 13 10 11 12 13 10 11 12 13 10 11 12 13 10 11 12 13 10 11 12 13 10 11 12 13 10 11 12 13 10 11 12 13 10 11 12 13 10 11 12 13 10 11 12 13 10 11 12 13 10 11 12 13 10 11 12 13 10 11 12 13 
10 11 12 13 10 11 12 13 10 11 12 13 10 11 12 13 10 11 12 13 10 11 12 13 10 11 12 13 10 11 12 13 10 11 12 13 10 11 12 13 10 11 12 13 10 11 12 13 10 11 12 13 10 11 12 13 10 11 12 13 10 11 12 13 10 11 12 13 10 11 12 13 10 11 12 13 10 11 12 13 10 11 12 13 10 11 12 13 10 11 12 13 10 11 12 13 10 11 12 13 10 11 12 13 10 11 12 13 10 11 12 13 10 11 12 13 10 11 12 13 10 11 12 13 10 11 12 13 
10 11 12 13 10 11 12 13 10 11 12 13 10 11 12 13 10 11 12 13 10 11 12 13 10 11 12 13 10 11 12 13 10 11 12 13 10 11 12 13 10 11 12 13 10 11 12 13 10 11 12 13 10 11 12 13 10 11 12 13 10 11 12 13 10 11 12 13 10 11 12 13 10 11 12 13 10 11 12 13 10 11 12 13 10 11 12 13 10 11 12 13 10 11 12 13 10 11 12 13 10 11 12 13 10 11 12 13 10 11 12 13 10 11 12 13 10 11 12 13 10 11 12 13 10 11 12 13 
10 11 12 13 10 11 12 13 10 11 12 13 10 11 12 13 10 11 12 13 10 11 12 13 10 11 12 13 10 11 12 13 10 11 12 13 10 11 12 13 10 11 12 13 10 11 12 13 10 11 12 13 10 11 12 13 10 11 12 13 10 11 12 13 10 11 12 13 10 11 12 13 10 11 12 13 10 11 12 13 10 11 12 13 10 11 12 13 10 11 12 13 10 11 12 13 10 11 12 13 10 11 12 13 10 11 12 13 10 11 12 13 10 11 12 13 10 11 12 13 10 11 12 13 10 11 12 13 
Test 1 completed

=== Test 2: t.merge.1B all blocks from trs2 ===
Config: 0x0000BA98
  Block[0]: reg_id=1, index_id=0
  Block[1]: reg_id=1, index_id=1
  Block[2]: reg_id=1, index_id=2
  Block[3]: reg_id=1, index_id=3
  Block[4]: reg_id=0, index_id=0
  Block[5]: reg_id=0, index_id=0
  Block[6]: reg_id=0, index_id=0
  Block[7]: reg_id=0, index_id=0
Expected: tr0 = copy of tr2 (all 0x22)
[TC] t.merge.1b       PC=0x80000370  Encoding=0x1014305B
[TC_DEBUG] t.merge.1B: tr0 = 
20 21 22 23 20 21 22 23 20 21 22 23 20 21 22 23 20 21 22 23 20 21 22 23 20 21 22 23 20 21 22 23 20 21 22 23 20 21 22 23 20 21 22 23 20 21 22 23 20 21 22 23 20 21 22 23 20 21 22 23 20 21 22 23 20 21 22 23 20 21 22 23 20 21 22 23 20 21 22 23 20 21 22 23 20 21 22 23 20 21 22 23 20 21 22 23 20 21 22 23 20 21 22 23 20 21 22 23 20 21 22 23 20 21 22 23 20 21 22 23 20 21 22 23 20 21 22 23 
20 21 22 23 20 21 22 23 20 21 22 23 20 21 22 23 20 21 22 23 20 21 22 23 20 21 22 23 20 21 22 23 20 21 22 23 20 21 22 23 20 21 22 23 20 21 22 23 20 21 22 23 20 21 22 23 20 21 22 23 20 21 22 23 20 21 22 23 20 21 22 23 20 21 22 23 20 21 22 23 20 21 22 23 20 21 22 23 20 21 22 23 20 21 22 23 20 21 22 23 20 21 22 23 20 21 22 23 20 21 22 23 20 21 22 23 20 21 22 23 20 21 22 23 20 21 22 23 
20 21 22 23 20 21 22 23 20 21 22 23 20 21 22 23 20 21 22 23 20 21 22 23 20 21 22 23 20 21 22 23 20 21 22 23 20 21 22 23 20 21 22 23 20 21 22 23 20 21 22 23 20 21 22 23 20 21 22 23 20 21 22 23 20 21 22 23 20 21 22 23 20 21 22 23 20 21 22 23 20 21 22 23 20 21 22 23 20 21 22 23 20 21 22 23 20 21 22 23 20 21 22 23 20 21 22 23 20 21 22 23 20 21 22 23 20 21 22 23 20 21 22 23 20 21 22 23 
20 21 22 23 20 21 22 23 20 21 22 23 20 21 22 23 20 21 22 23 20 21 22 23 20 21 22 23 20 21 22 23 20 21 22 23 20 21 22 23 20 21 22 23 20 21 22 23 20 21 22 23 20 21 22 23 20 21 22 23 20 21 22 23 20 21 22 23 20 21 22 23 20 21 22 23 20 21 22 23 20 21 22 23 20 21 22 23 20 21 22 23 20 21 22 23 20 21 22 23 20 21 22 23 20 21 22 23 20 21 22 23 20 21 22 23 20 21 22 23 20 21 22 23 20 21 22 23 
20 21 22 23 20 21 22 23 20 21 22 23 20 21 22 23 20 21 22 23 20 21 22 23 20 21 22 23 20 21 22 23 20 21 22 23 20 21 22 23 20 21 22 23 20 21 22 23 20 21 22 23 20 21 22 23 20 21 22 23 20 21 22 23 20 21 22 23 20 21 22 23 20 21 22 23 20 21 22 23 20 21 22 23 20 21 22 23 20 21 22 23 20 21 22 23 20 21 22 23 20 21 22 23 20 21 22 23 20 21 22 23 20 21 22 23 20 21 22 23 20 21 22 23 20 21 22 23 
20 21 22 23 20 21 22 23 20 21 22 23 20 21 22 23 20 21 22 23 20 21 22 23 20 21 22 23 20 21 22 23 20 21 22 23 20 21 22 23 20 21 22 23 20 21 22 23 20 21 22 23 20 21 22 23 20 21 22 23 20 21 22 23 20 21 22 23 20 21 22 23 20 21 22 23 20 21 22 23 20 21 22 23 20 21 22 23 20 21 22 23 20 21 22 23 20 21 22 23 20 21 22 23 20 21 22 23 20 21 22 23 20 21 22 23 20 21 22 23 20 21 22 23 20 21 22 23 
20 21 22 23 20 21 22 23 20 21 22 23 20 21 22 23 20 21 22 23 20 21 22 23 20 21 22 23 20 21 22 23 20 21 22 23 20 21 22 23 20 21 22 23 20 21 22 23 20 21 22 23 20 21 22 23 20 21 22 23 20 21 22 23 20 21 22 23 20 21 22 23 20 21 22 23 20 21 22 23 20 21 22 23 20 21 22 23 20 21 22 23 20 21 22 23 20 21 22 23 20 21 22 23 20 21 22 23 20 21 22 23 20 21 22 23 20 21 22 23 20 21 22 23 20 21 22 23 
20 21 22 23 20 21 22 23 20 21 22 23 20 21 22 23 20 21 22 23 20 21 22 23 20 21 22 23 20 21 22 23 20 21 22 23 20 21 22 23 20 21 22 23 20 21 22 23 20 21 22 23 20 21 22 23 20 21 22 23 20 21 22 23 20 21 22 23 20 21 22 23 20 21 22 23 20 21 22 23 20 21 22 23 20 21 22 23 20 21 22 23 20 21 22 23 20 21 22 23 20 21 22 23 20 21 22 23 20 21 22 23 20 21 22 23 20 21 22 23 20 21 22 23 20 21 22 23 
Test 2 completed

=== Test 3: t.merge.1B alternating blocks ===
Config: 0x00009180
  Block[0]: reg_id=0, index_id=0
  Block[1]: reg_id=1, index_id=0
  Block[2]: reg_id=0, index_id=1
  Block[3]: reg_id=1, index_id=1
  Block[4]: reg_id=0, index_id=0
  Block[5]: reg_id=0, index_id=0
  Block[6]: reg_id=0, index_id=0
  Block[7]: reg_id=0, index_id=0
Expected: alternating 128B blocks: 0x11, 0x22, 0x11, 0x22, ...
[TC] t.merge.1b       PC=0x80000478  Encoding=0x1014305B
[TC_DEBUG] t.merge.1B: tr0 = 
10 20 11 21 10 20 11 21 10 20 11 21 10 20 11 21 10 20 11 21 10 20 11 21 10 20 11 21 10 20 11 21 10 20 11 21 10 20 11 21 10 20 11 21 10 20 11 21 10 20 11 21 10 20 11 21 10 20 11 21 10 20 11 21 10 20 11 21 10 20 11 21 10 20 11 21 10 20 11 21 10 20 11 21 10 20 11 21 10 20 11 21 10 20 11 21 10 20 11 21 10 20 11 21 10 20 11 21 10 20 11 21 10 20 11 21 10 20 11 21 10 20 11 21 10 20 11 21 
10 20 11 21 10 20 11 21 10 20 11 21 10 20 11 21 10 20 11 21 10 20 11 21 10 20 11 21 10 20 11 21 10 20 11 21 10 20 11 21 10 20 11 21 10 20 11 21 10 20 11 21 10 20 11 21 10 20 11 21 10 20 11 21 10 20 11 21 10 20 11 21 10 20 11 21 10 20 11 21 10 20 11 21 10 20 11 21 10 20 11 21 10 20 11 21 10 20 11 21 10 20 11 21 10 20 11 21 10 20 11 21 10 20 11 21 10 20 11 21 10 20 11 21 10 20 11 21 
10 20 11 21 10 20 11 21 10 20 11 21 10 20 11 21 10 20 11 21 10 20 11 21 10 20 11 21 10 20 11 21 10 20 11 21 10 20 11 21 10 20 11 21 10 20 11 21 10 20 11 21 10 20 11 21 10 20 11 21 10 20 11 21 10 20 11 21 10 20 11 21 10 20 11 21 10 20 11 21 10 20 11 21 10 20 11 21 10 20 11 21 10 20 11 21 10 20 11 21 10 20 11 21 10 20 11 21 10 20 11 21 10 20 11 21 10 20 11 21 10 20 11 21 10 20 11 21 
10 20 11 21 10 20 11 21 10 20 11 21 10 20 11 21 10 20 11 21 10 20 11 21 10 20 11 21 10 20 11 21 10 20 11 21 10 20 11 21 10 20 11 21 10 20 11 21 10 20 11 21 10 20 11 21 10 20 11 21 10 20 11 21 10 20 11 21 10 20 11 21 10 20 11 21 10 20 11 21 10 20 11 21 10 20 11 21 10 20 11 21 10 20 11 21 10 20 11 21 10 20 11 21 10 20 11 21 10 20 11 21 10 20 11 21 10 20 11 21 10 20 11 21 10 20 11 21 
10 20 11 21 10 20 11 21 10 20 11 21 10 20 11 21 10 20 11 21 10 20 11 21 10 20 11 21 10 20 11 21 10 20 11 21 10 20 11 21 10 20 11 21 10 20 11 21 10 20 11 21 10 20 11 21 10 20 11 21 10 20 11 21 10 20 11 21 10 20 11 21 10 20 11 21 10 20 11 21 10 20 11 21 10 20 11 21 10 20 11 21 10 20 11 21 10 20 11 21 10 20 11 21 10 20 11 21 10 20 11 21 10 20 11 21 10 20 11 21 10 20 11 21 10 20 11 21 
10 20 11 21 10 20 11 21 10 20 11 21 10 20 11 21 10 20 11 21 10 20 11 21 10 20 11 21 10 20 11 21 10 20 11 21 10 20 11 21 10 20 11 21 10 20 11 21 10 20 11 21 10 20 11 21 10 20 11 21 10 20 11 21 10 20 11 21 10 20 11 21 10 20 11 21 10 20 11 21 10 20 11 21 10 20 11 21 10 20 11 21 10 20 11 21 10 20 11 21 10 20 11 21 10 20 11 21 10 20 11 21 10 20 11 21 10 20 11 21 10 20 11 21 10 20 11 21 
10 20 11 21 10 20 11 21 10 20 11 21 10 20 11 21 10 20 11 21 10 20 11 21 10 20 11 21 10 20 11 21 10 20 11 21 10 20 11 21 10 20 11 21 10 20 11 21 10 20 11 21 10 20 11 21 10 20 11 21 10 20 11 21 10 20 11 21 10 20 11 21 10 20 11 21 10 20 11 21 10 20 11 21 10 20 11 21 10 20 11 21 10 20 11 21 10 20 11 21 10 20 11 21 10 20 11 21 10 20 11 21 10 20 11 21 10 20 11 21 10 20 11 21 10 20 11 21 
10 20 11 21 10 20 11 21 10 20 11 21 10 20 11 21 10 20 11 21 10 20 11 21 10 20 11 21 10 20 11 21 10 20 11 21 10 20 11 21 10 20 11 21 10 20 11 21 10 20 11 21 10 20 11 21 10 20 11 21 10 20 11 21 10 20 11 21 10 20 11 21 10 20 11 21 10 20 11 21 10 20 11 21 10 20 11 21 10 20 11 21 10 20 11 21 10 20 11 21 10 20 11 21 10 20 11 21 10 20 11 21 10 20 11 21 10 20 11 21 10 20 11 21 10 20 11 21 
Test 3 completed

=== Test 4: t.merge.1B first half from trs1, second half from trs2 ===
Config: 0x0000BA10
  Block[0]: reg_id=0, index_id=0
  Block[1]: reg_id=0, index_id=1
  Block[2]: reg_id=1, index_id=2
  Block[3]: reg_id=1, index_id=3
  Block[4]: reg_id=0, index_id=0
  Block[5]: reg_id=0, index_id=0
  Block[6]: reg_id=0, index_id=0
  Block[7]: reg_id=0, index_id=0
Expected: first 512B = 0x11, last 512B = 0x22
[TC] t.merge.1b       PC=0x80000580  Encoding=0x1014305B
[TC_DEBUG] t.merge.1B: tr0 = 
10 11 22 23 10 11 22 23 10 11 22 23 10 11 22 23 10 11 22 23 10 11 22 23 10 11 22 23 10 11 22 23 10 11 22 23 10 11 22 23 10 11 22 23 10 11 22 23 10 11 22 23 10 11 22 23 10 11 22 23 10 11 22 23 10 11 22 23 10 11 22 23 10 11 22 23 10 11 22 23 10 11 22 23 10 11 22 23 10 11 22 23 10 11 22 23 10 11 22 23 10 11 22 23 10 11 22 23 10 11 22 23 10 11 22 23 10 11 22 23 10 11 22 23 10 11 22 23 
10 11 22 23 10 11 22 23 10 11 22 23 10 11 22 23 10 11 22 23 10 11 22 23 10 11 22 23 10 11 22 23 10 11 22 23 10 11 22 23 10 11 22 23 10 11 22 23 10 11 22 23 10 11 22 23 10 11 22 23 10 11 22 23 10 11 22 23 10 11 22 23 10 11 22 23 10 11 22 23 10 11 22 23 10 11 22 23 10 11 22 23 10 11 22 23 10 11 22 23 10 11 22 23 10 11 22 23 10 11 22 23 10 11 22 23 10 11 22 23 10 11 22 23 10 11 22 23 
10 11 22 23 10 11 22 23 10 11 22 23 10 11 22 23 10 11 22 23 10 11 22 23 10 11 22 23 10 11 22 23 10 11 22 23 10 11 22 23 10 11 22 23 10 11 22 23 10 11 22 23 10 11 22 23 10 11 22 23 10 11 22 23 10 11 22 23 10 11 22 23 10 11 22 23 10 11 22 23 10 11 22 23 10 11 22 23 10 11 22 23 10 11 22 23 10 11 22 23 10 11 22 23 10 11 22 23 10 11 22 23 10 11 22 23 10 11 22 23 10 11 22 23 10 11 22 23 
10 11 22 23 10 11 22 23 10 11 22 23 10 11 22 23 10 11 22 23 10 11 22 23 10 11 22 23 10 11 22 23 10 11 22 23 10 11 22 23 10 11 22 23 10 11 22 23 10 11 22 23 10 11 22 23 10 11 22 23 10 11 22 23 10 11 22 23 10 11 22 23 10 11 22 23 10 11 22 23 10 11 22 23 10 11 22 23 10 11 22 23 10 11 22 23 10 11 22 23 10 11 22 23 10 11 22 23 10 11 22 23 10 11 22 23 10 11 22 23 10 11 22 23 10 11 22 23 
10 11 22 23 10 11 22 23 10 11 22 23 10 11 22 23 10 11 22 23 10 11 22 23 10 11 22 23 10 11 22 23 10 11 22 23 10 11 22 23 10 11 22 23 10 11 22 23 10 11 22 23 10 11 22 23 10 11 22 23 10 11 22 23 10 11 22 23 10 11 22 23 10 11 22 23 10 11 22 23 10 11 22 23 10 11 22 23 10 11 22 23 10 11 22 23 10 11 22 23 10 11 22 23 10 11 22 23 10 11 22 23 10 11 22 23 10 11 22 23 10 11 22 23 10 11 22 23 
10 11 22 23 10 11 22 23 10 11 22 23 10 11 22 23 10 11 22 23 10 11 22 23 10 11 22 23 10 11 22 23 10 11 22 23 10 11 22 23 10 11 22 23 10 11 22 23 10 11 22 23 10 11 22 23 10 11 22 23 10 11 22 23 10 11 22 23 10 11 22 23 10 11 22 23 10 11 22 23 10 11 22 23 10 11 22 23 10 11 22 23 10 11 22 23 10 11 22 23 10 11 22 23 10 11 22 23 10 11 22 23 10 11 22 23 10 11 22 23 10 11 22 23 10 11 22 23 
10 11 22 23 10 11 22 23 10 11 22 23 10 11 22 23 10 11 22 23 10 11 22 23 10 11 22 23 10 11 22 23 10 11 22 23 10 11 22 23 10 11 22 23 10 11 22 23 10 11 22 23 10 11 22 23 10 11 22 23 10 11 22 23 10 11 22 23 10 11 22 23 10 11 22 23 10 11 22 23 10 11 22 23 10 11 22 23 10 11 22 23 10 11 22 23 10 11 22 23 10 11 22 23 10 11 22 23 10 11 22 23 10 11 22 23 10 11 22 23 10 11 22 23 10 11 22 23 
10 11 22 23 10 11 22 23 10 11 22 23 10 11 22 23 10 11 22 23 10 11 22 23 10 11 22 23 10 11 22 23 10 11 22 23 10 11 22 23 10 11 22 23 10 11 22 23 10 11 22 23 10 11 22 23 10 11 22 23 10 11 22 23 10 11 22 23 10 11 22 23 10 11 22 23 10 11 22 23 10 11 22 23 10 11 22 23 10 11 22 23 10 11 22 23 10 11 22 23 10 11 22 23 10 11 22 23 10 11 22 23 10 11 22 23 10 11 22 23 10 11 22 23 10 11 22 23 
Test 4 completed

=== Test 5: t.merge.1B reverse block order from trs1 ===
Config: 0x000001AB
  Block[0]: reg_id=1, index_id=3
  Block[1]: reg_id=1, index_id=2
  Block[2]: reg_id=0, index_id=1
  Block[3]: reg_id=0, index_id=0
  Block[4]: reg_id=0, index_id=0
  Block[5]: reg_id=0, index_id=0
  Block[6]: reg_id=0, index_id=0
  Block[7]: reg_id=0, index_id=0
Expected: tr0 = reverse of tr1
[TC] t.merge.1b       PC=0x80000684  Encoding=0x1014B05B
[TC_DEBUG] t.merge.1B: tr0 = 
23 22 11 10 23 22 11 10 23 22 11 10 23 22 11 10 23 22 11 10 23 22 11 10 23 22 11 10 23 22 11 10 23 22 11 10 23 22 11 10 23 22 11 10 23 22 11 10 23 22 11 10 23 22 11 10 23 22 11 10 23 22 11 10 23 22 11 10 23 22 11 10 23 22 11 10 23 22 11 10 23 22 11 10 23 22 11 10 23 22 11 10 23 22 11 10 23 22 11 10 23 22 11 10 23 22 11 10 23 22 11 10 23 22 11 10 23 22 11 10 23 22 11 10 23 22 11 10 
23 22 11 10 23 22 11 10 23 22 11 10 23 22 11 10 23 22 11 10 23 22 11 10 23 22 11 10 23 22 11 10 23 22 11 10 23 22 11 10 23 22 11 10 23 22 11 10 23 22 11 10 23 22 11 10 23 22 11 10 23 22 11 10 23 22 11 10 23 22 11 10 23 22 11 10 23 22 11 10 23 22 11 10 23 22 11 10 23 22 11 10 23 22 11 10 23 22 11 10 23 22 11 10 23 22 11 10 23 22 11 10 23 22 11 10 23 22 11 10 23 22 11 10 23 22 11 10 
23 22 11 10 23 22 11 10 23 22 11 10 23 22 11 10 23 22 11 10 23 22 11 10 23 22 11 10 23 22 11 10 23 22 11 10 23 22 11 10 23 22 11 10 23 22 11 10 23 22 11 10 23 22 11 10 23 22 11 10 23 22 11 10 23 22 11 10 23 22 11 10 23 22 11 10 23 22 11 10 23 22 11 10 23 22 11 10 23 22 11 10 23 22 11 10 23 22 11 10 23 22 11 10 23 22 11 10 23 22 11 10 23 22 11 10 23 22 11 10 23 22 11 10 23 22 11 10 
23 22 11 10 23 22 11 10 23 22 11 10 23 22 11 10 23 22 11 10 23 22 11 10 23 22 11 10 23 22 11 10 23 22 11 10 23 22 11 10 23 22 11 10 23 22 11 10 23 22 11 10 23 22 11 10 23 22 11 10 23 22 11 10 23 22 11 10 23 22 11 10 23 22 11 10 23 22 11 10 23 22 11 10 23 22 11 10 23 22 11 10 23 22 11 10 23 22 11 10 23 22 11 10 23 22 11 10 23 22 11 10 23 22 11 10 23 22 11 10 23 22 11 10 23 22 11 10 
23 22 11 10 23 22 11 10 23 22 11 10 23 22 11 10 23 22 11 10 23 22 11 10 23 22 11 10 23 22 11 10 23 22 11 10 23 22 11 10 23 22 11 10 23 22 11 10 23 22 11 10 23 22 11 10 23 22 11 10 23 22 11 10 23 22 11 10 23 22 11 10 23 22 11 10 23 22 11 10 23 22 11 10 23 22 11 10 23 22 11 10 23 22 11 10 23 22 11 10 23 22 11 10 23 22 11 10 23 22 11 10 23 22 11 10 23 22 11 10 23 22 11 10 23 22 11 10 
23 22 11 10 23 22 11 10 23 22 11 10 23 22 11 10 23 22 11 10 23 22 11 10 23 22 11 10 23 22 11 10 23 22 11 10 23 22 11 10 23 22 11 10 23 22 11 10 23 22 11 10 23 22 11 10 23 22 11 10 23 22 11 10 23 22 11 10 23 22 11 10 23 22 11 10 23 22 11 10 23 22 11 10 23 22 11 10 23 22 11 10 23 22 11 10 23 22 11 10 23 22 11 10 23 22 11 10 23 22 11 10 23 22 11 10 23 22 11 10 23 22 11 10 23 22 11 10 
23 22 11 10 23 22 11 10 23 22 11 10 23 22 11 10 23 22 11 10 23 22 11 10 23 22 11 10 23 22 11 10 23 22 11 10 23 22 11 10 23 22 11 10 23 22 11 10 23 22 11 10 23 22 11 10 23 22 11 10 23 22 11 10 23 22 11 10 23 22 11 10 23 22 11 10 23 22 11 10 23 22 11 10 23 22 11 10 23 22 11 10 23 22 11 10 23 22 11 10 23 22 11 10 23 22 11 10 23 22 11 10 23 22 11 10 23 22 11 10 23 22 11 10 23 22 11 10 
23 22 11 10 23 22 11 10 23 22 11 10 23 22 11 10 23 22 11 10 23 22 11 10 23 22 11 10 23 22 11 10 23 22 11 10 23 22 11 10 23 22 11 10 23 22 11 10 23 22 11 10 23 22 11 10 23 22 11 10 23 22 11 10 23 22 11 10 23 22 11 10 23 22 11 10 23 22 11 10 23 22 11 10 23 22 11 10 23 22 11 10 23 22 11 10 23 22 11 10 23 22 11 10 23 22 11 10 23 22 11 10 23 22 11 10 23 22 11 10 23 22 11 10 23 22 11 10 
Test 5 completed

======================================================================
All t.merge.1B tests completed!
======================================================================
PASS PC=0x80002a58 cycles=111211 instret=70516 ipc=0.6341
